Component: ARM Compiler 5.06 update 7 (build 960) Tool: armlink [4d3601]

==============================================================================

Section Cross References

    main.o(i.main) refers to delay.o(i.delay_init) for delay_init
    main.o(i.main) refers to usart.o(i.uart1_init) for uart1_init
    main.o(i.main) refers to usart.o(i.usart2_init) for usart2_init
    main.o(i.main) refers to usartx.o(i.usart3_init) for usart3_init
    main.o(i.main) refers to misc.o(i.NVIC_PriorityGroupConfig) for NVIC_PriorityGroupConfig
    main.o(i.main) refers to key.o(i.KEY_Init) for KEY_Init
    main.o(i.main) refers to led.o(i.LED_Init) for LED_Init
    main.o(i.main) refers to motor.o(i.MiniBalance_PWM_Init) for MiniBalance_PWM_Init
    main.o(i.main) refers to motor.o(i.MiniBalance_Motor_Init) for MiniBalance_Motor_Init
    main.o(i.main) refers to encoder.o(i.Encoder_Init_TIM2) for Encoder_Init_TIM2
    main.o(i.main) refers to encoder.o(i.Encoder_Init_TIM3) for Encoder_Init_TIM3
    main.o(i.main) refers to encoder.o(i.Encoder_Init_TIM4) for Encoder_Init_TIM4
    main.o(i.main) refers to encoder.o(i.Encoder_Init_TIM5) for Encoder_Init_TIM5
    main.o(i.main) refers to oled.o(i.OLED_Init) for OLED_Init
    main.o(i.main) refers to adc.o(i.Adc_Init) for Adc_Init
    main.o(i.main) refers to delay.o(i.delay_ms) for delay_ms
    main.o(i.main) refers to ioi2c.o(i.IIC_Init) for IIC_Init
    main.o(i.main) refers to mpu6050.o(i.MPU6050_initialize) for MPU6050_initialize
    main.o(i.main) refers to mpu6050.o(i.DMP_Init) for DMP_Init
    main.o(i.main) refers to pstwo.o(i.PS2_Init) for PS2_Init
    main.o(i.main) refers to pstwo.o(i.PS2_SetInit) for PS2_SetInit
    main.o(i.main) refers to exti.o(i.MiniBalance_EXTI_Init) for MiniBalance_EXTI_Init
    main.o(i.main) refers to can.o(i.CAN1_Configuration) for CAN1_Configuration
    main.o(i.main) refers to show.o(i.APP_Show) for APP_Show
    main.o(i.main) refers to show.o(i.oled_show) for oled_show
    main.o(i.main) refers to show.o(i.DataScope) for DataScope
    main.o(i.main) refers to can.o(i.Set_CM_Speed) for Set_CM_Speed
    main.o(i.main) refers to usartx.o(i.USART3_TX) for USART3_TX
    main.o(i.main) refers to pstwo.o(i.PS2_AnologData) for PS2_AnologData
    main.o(i.main) refers to pstwo.o(i.PS2_DataKey) for PS2_DataKey
    main.o(i.main) refers to main.o(.data) for Run_Flag
    main.o(i.main) refers to pstwo.o(.data) for PS2_LX
    system_stm32f4xx.o(i.SystemCoreClockUpdate) refers to system_stm32f4xx.o(.data) for SystemCoreClock
    system_stm32f4xx.o(i.SystemInit) refers to system_stm32f4xx.o(i.SetSysClock) for SetSysClock
    startup_stm32f40_41xxx.o(STACK) refers (Special) to heapauxi.o(.text) for __use_two_region_memory
    startup_stm32f40_41xxx.o(HEAP) refers (Special) to heapauxi.o(.text) for __use_two_region_memory
    startup_stm32f40_41xxx.o(RESET) refers (Special) to heapauxi.o(.text) for __use_two_region_memory
    startup_stm32f40_41xxx.o(RESET) refers to startup_stm32f40_41xxx.o(STACK) for __initial_sp
    startup_stm32f40_41xxx.o(RESET) refers to startup_stm32f40_41xxx.o(.text) for Reset_Handler
    startup_stm32f40_41xxx.o(RESET) refers to stm32f4xx_it.o(i.NMI_Handler) for NMI_Handler
    startup_stm32f40_41xxx.o(RESET) refers to stm32f4xx_it.o(i.HardFault_Handler) for HardFault_Handler
    startup_stm32f40_41xxx.o(RESET) refers to stm32f4xx_it.o(i.MemManage_Handler) for MemManage_Handler
    startup_stm32f40_41xxx.o(RESET) refers to stm32f4xx_it.o(i.BusFault_Handler) for BusFault_Handler
    startup_stm32f40_41xxx.o(RESET) refers to stm32f4xx_it.o(i.UsageFault_Handler) for UsageFault_Handler
    startup_stm32f40_41xxx.o(RESET) refers to stm32f4xx_it.o(i.SVC_Handler) for SVC_Handler
    startup_stm32f40_41xxx.o(RESET) refers to stm32f4xx_it.o(i.DebugMon_Handler) for DebugMon_Handler
    startup_stm32f40_41xxx.o(RESET) refers to stm32f4xx_it.o(i.PendSV_Handler) for PendSV_Handler
    startup_stm32f40_41xxx.o(RESET) refers to stm32f4xx_it.o(i.SysTick_Handler) for SysTick_Handler
    startup_stm32f40_41xxx.o(RESET) refers to can.o(i.CAN1_TX_IRQHandler) for CAN1_TX_IRQHandler
    startup_stm32f40_41xxx.o(RESET) refers to can.o(i.CAN1_RX0_IRQHandler) for CAN1_RX0_IRQHandler
    startup_stm32f40_41xxx.o(RESET) refers to encoder.o(i.TIM2_IRQHandler) for TIM2_IRQHandler
    startup_stm32f40_41xxx.o(RESET) refers to encoder.o(i.TIM3_IRQHandler) for TIM3_IRQHandler
    startup_stm32f40_41xxx.o(RESET) refers to encoder.o(i.TIM4_IRQHandler) for TIM4_IRQHandler
    startup_stm32f40_41xxx.o(RESET) refers to usart.o(i.USART1_IRQHandler) for USART1_IRQHandler
    startup_stm32f40_41xxx.o(RESET) refers to usart.o(i.USART2_IRQHandler) for USART2_IRQHandler
    startup_stm32f40_41xxx.o(RESET) refers to usartx.o(i.USART3_IRQHandler) for USART3_IRQHandler
    startup_stm32f40_41xxx.o(RESET) refers to control.o(i.EXTI15_10_IRQHandler) for EXTI15_10_IRQHandler
[...]
    __user_perthread_libspace                0x08000715   Thumb Code     0  libspace.o(.text)
    __user_setup_stackheap                   0x0800071d   Thumb Code    74  sys_stackheap_outer.o(.text)
    exit                                     0x08000767   Thumb Code    18  exit.o(.text)
    ADC_Cmd                                  0x08000779   Thumb Code    22  stm32f4xx_adc.o(i.ADC_Cmd)
    ADC_CommonInit                           0x08000791   Thumb Code    34  stm32f4xx_adc.o(i.ADC_CommonInit)
    ADC_GetConversionValue                   0x080007c1   Thumb Code     8  stm32f4xx_adc.o(i.ADC_GetConversionValue)
    ADC_GetFlagStatus                        0x080007c9   Thumb Code    18  stm32f4xx_adc.o(i.ADC_GetFlagStatus)
    ADC_Init                                 0x080007dd   Thumb Code    74  stm32f4xx_adc.o(i.ADC_Init)
    ADC_RegularChannelConfig                 0x08000831   Thumb Code   184  stm32f4xx_adc.o(i.ADC_RegularChannelConfig)
    ADC_SoftwareStartConv                    0x080008e9   Thumb Code    10  stm32f4xx_adc.o(i.ADC_SoftwareStartConv)
    APP_Show                                 0x080008f5   Thumb Code   294  show.o(i.APP_Show)
    Adc_Init                                 0x08000aa1   Thumb Code   124  adc.o(i.Adc_Init)
    BusFault_Handler                         0x08000b25   Thumb Code     4  stm32f4xx_it.o(i.BusFault_Handler)
    CAN1_Configuration                       0x08000b29   Thumb Code   280  can.o(i.CAN1_Configuration)
    CAN1_RX0_IRQHandler                      0x08000c49   Thumb Code    50  can.o(i.CAN1_RX0_IRQHandler)
    CAN1_TX_IRQHandler                       0x08000c85   Thumb Code    28  can.o(i.CAN1_TX_IRQHandler)
    CAN_ClearFlag                            0x08000ca9   Thumb Code    52  stm32f4xx_can.o(i.CAN_ClearFlag)
    CAN_ClearITPendingBit                    0x08000ce1   Thumb Code   162  stm32f4xx_can.o(i.CAN_ClearITPendingBit)
    CAN_DeInit                               0x08000d89   Thumb Code    50  stm32f4xx_can.o(i.CAN_DeInit)
    CAN_FilterInit                           0x08000dc1   Thumb Code   258  stm32f4xx_can.o(i.CAN_FilterInit)
    CAN_GetITStatus                          0x08000ec9   Thumb Code   284  stm32f4xx_can.o(i.CAN_GetITStatus)
    CAN_ITConfig                             0x08000fe9   Thumb Code    18  stm32f4xx_can.o(i.CAN_ITConfig)
    CAN_Init                                 0x08000ffb   Thumb Code   276  stm32f4xx_can.o(i.CAN_Init)
    CAN_N_Usart_Control                      0x08001111   Thumb Code   742  control.o(i.CAN_N_Usart_Control)
    CAN_Receive                              0x08001441   Thumb Code   240  stm32f4xx_can.o(i.CAN_Receive)
    CAN_StructInit                           0x08001531   Thumb Code    32  stm32f4xx_can.o(i.CAN_StructInit)
    CAN_Transmit                             0x08001551   Thumb Code   294  stm32f4xx_can.o(i.CAN_Transmit)
    CanReceiveMsgProcess                     0x08001679   Thumb Code   152  can.o(i.CanReceiveMsgProcess)
    Count_Velocity                           0x08001739   Thumb Code   630  control.o(i.Count_Velocity)
    DMP_Init                                 0x080019e9   Thumb Code   198  mpu6050.o(i.DMP_Init)
    DataScope                                0x08001bfd   Thumb Code   206  show.o(i.DataScope)
    DataScope_Data_Generate                  0x08001d01   Thumb Code   148  datascope_dp.o(i.DataScope_Data_Generate)
    DataScope_Get_Channel_Data               0x08001d99   Thumb Code   162  datascope_dp.o(i.DataScope_Get_Channel_Data)
    DebugMon_Handler                         0x08001e41   Thumb Code     2  stm32f4xx_it.o(i.DebugMon_Handler)
    EXTI15_10_IRQHandler                     0x08001e45   Thumb Code   760  control.o(i.EXTI15_10_IRQHandler)
    EXTI_Init                                0x080021d1   Thumb Code   142  stm32f4xx_exti.o(i.EXTI_Init)
    EncoderProcess                           0x08002265   Thumb Code   202  can.o(i.EncoderProcess)
    Encoder_Init_TIM2                        0x0800233d   Thumb Code   236  encoder.o(i.Encoder_Init_TIM2)
    Encoder_Init_TIM3                        0x08002431   Thumb Code   182  encoder.o(i.Encoder_Init_TIM3)
    Encoder_Init_TIM4                        0x080024f1   Thumb Code   182  encoder.o(i.Encoder_Init_TIM4)
    Encoder_Init_TIM5                        0x080025b1   Thumb Code   182  encoder.o(i.Encoder_Init_TIM5)
    Float2Byte                               0x08002671   Thumb Code    28  datascope_dp.o(i.Float2Byte)
    GPIO_Init                                0x0800268d   Thumb Code   144  stm32f4xx_gpio.o(i.GPIO_Init)
    GPIO_PinAFConfig                         0x0800271d   Thumb Code    70  stm32f4xx_gpio.o(i.GPIO_PinAFConfig)
    GetEncoderBias                           0x08002763   Thumb Code    26  can.o(i.GetEncoderBias)
    Get_Adc                                  0x0800277d   Thumb Code    44  adc.o(i.Get_Adc)
    Get_RC                                   0x080027ad   Thumb Code  1266  control.o(i.Get_RC)
    Get_battery_volt                         0x08002cb5   Thumb Code   100  adc.o(i.Get_battery_volt)
    HardFault_Handler                        0x08002d39   Thumb Code     4  stm32f4xx_it.o(i.HardFault_Handler)
    I2C_ReadOneByte                          0x08002d3d   Thumb Code    70  ioi2c.o(i.I2C_ReadOneByte)
    IIC_Ack                                  0x08002d85   Thumb Code    64  ioi2c.o(i.IIC_Ack)
    IIC_Init                                 0x08002dd1   Thumb Code    64  ioi2c.o(i.IIC_Init)
    IIC_NAck                                 0x08002e15   Thumb Code    62  ioi2c.o(i.IIC_NAck)
    IIC_Read_Byte                            0x08002e61   Thumb Code    94  ioi2c.o(i.IIC_Read_Byte)
    IIC_Send_Byte                            0x08002ecd   Thumb Code    88  ioi2c.o(i.IIC_Send_Byte)
    IIC_Start                                0x08002f31   Thumb Code    92  ioi2c.o(i.IIC_Start)
    IIC_Stop                                 0x08002f99   Thumb Code    60  ioi2c.o(i.IIC_Stop)
    IIC_Wait_Ack                             0x08002fe1   Thumb Code    88  ioi2c.o(i.IIC_Wait_Ack)
    IICreadByte                              0x08003045   Thumb Code    22  ioi2c.o(i.IICreadByte)
    IICwriteBit                              0x0800305b   Thumb Code    64  ioi2c.o(i.IICwriteBit)
    IICwriteBits                             0x0800309b   Thumb Code   106  ioi2c.o(i.IICwriteBits)
    IICwriteByte                             0x08003105   Thumb Code    20  ioi2c.o(i.IICwriteByte)
    IICwriteBytes                            0x08003119   Thumb Code    70  ioi2c.o(i.IICwriteBytes)
    Incremental_PI_A                         0x08003161   Thumb Code   124  control.o(i.Incremental_PI_A)
    Incremental_PI_B                         0x080031f5   Thumb Code   124  control.o(i.Incremental_PI_B)
    Incremental_PI_C                         0x08003289   Thumb Code   124  control.o(i.Incremental_PI_C)
    Incremental_PI_D                         0x0800331d   Thumb Code   124  control.o(i.Incremental_PI_D)
    KEY_Init                                 0x080033b1   Thumb Code    44  key.o(i.KEY_Init)
    Key_control                              0x080033e1   Thumb Code    32  control.o(i.Key_control)
    Kinematic_Analysis                       0x08003405   Thumb Code    98  control.o(i.Kinematic_Analysis)
    Kinematic_Analysis2                      0x0800347d   Thumb Code    98  control.o(i.Kinematic_Analysis2)
    LED_Init                                 0x080034f5   Thumb Code    50  led.o(i.LED_Init)
    Led_Flash                                0x0800352d   Thumb Code    44  led.o(i.Led_Flash)
    MPU6050_initialize                       0x08003565   Thumb Code    40  mpu6050.o(i.MPU6050_initialize)
    MPU6050_setClockSource                   0x0800358d   Thumb Code    20  mpu6050.o(i.MPU6050_setClockSource)
    MPU6050_setFullScaleAccelRange           0x080035a1   Thumb Code    20  mpu6050.o(i.MPU6050_setFullScaleAccelRange)
    MPU6050_setFullScaleGyroRange            0x080035b5   Thumb Code    20  mpu6050.o(i.MPU6050_setFullScaleGyroRange)
    MPU6050_setI2CBypassEnabled              0x080035c9   Thumb Code    18  mpu6050.o(i.MPU6050_setI2CBypassEnabled)
    MPU6050_setI2CMasterModeEnabled          0x080035db   Thumb Code    18  mpu6050.o(i.MPU6050_setI2CMasterModeEnabled)
    MPU6050_setSleepEnabled                  0x080035ed   Thumb Code    18  mpu6050.o(i.MPU6050_setSleepEnabled)
    MemManage_Handler                        0x080035ff   Thumb Code     4  stm32f4xx_it.o(i.MemManage_Handler)
    MiniBalance_EXTI_Init                    0x08003605   Thumb Code   120  exti.o(i.MiniBalance_EXTI_Init)
    MiniBalance_Motor_Init                   0x08003681   Thumb Code   178  motor.o(i.MiniBalance_Motor_Init)
    MiniBalance_PWM_Init                     0x0800373d   Thumb Code   236  motor.o(i.MiniBalance_PWM_Init)
    NMI_Handler                              0x08003831   Thumb Code     2  stm32f4xx_it.o(i.NMI_Handler)
    NVIC_Init                                0x08003835   Thumb Code   106  misc.o(i.NVIC_Init)
    NVIC_PriorityGroupConfig                 0x080038ad   Thumb Code    10  misc.o(i.NVIC_PriorityGroupConfig)
    OLED_Clear                               0x080038c1   Thumb Code    42  oled.o(i.OLED_Clear)
    OLED_DrawPoint                           0x080038f1   Thumb Code   100  oled.o(i.OLED_DrawPoint)
    OLED_Init                                0x08003959   Thumb Code   310  oled.o(i.OLED_Init)
    OLED_Refresh_Gram                        0x08003a9d   Thumb Code    70  oled.o(i.OLED_Refresh_Gram)
    OLED_ShowChar                            0x08003ae9   Thumb Code   158  oled.o(i.OLED_ShowChar)
    OLED_ShowNumber                          0x08003b91   Thumb Code   148  oled.o(i.OLED_ShowNumber)
    OLED_ShowString                          0x08003c25   Thumb Code    68  oled.o(i.OLED_ShowString)
    OLED_WR_Byte                             0x08003c69   Thumb Code    82  oled.o(i.OLED_WR_Byte)
    PS2_AnologData                           0x08003cc1   Thumb Code     8  pstwo.o(i.PS2_AnologData)
    PS2_ClearData                            0x08003ccd   Thumb Code    20  pstwo.o(i.PS2_ClearData)
    PS2_Cmd                                  0x08003ce5   Thumb Code   128  pstwo.o(i.PS2_Cmd)
    PS2_DataKey                              0x08003d79   Thumb Code    70  pstwo.o(i.PS2_DataKey)
    PS2_EnterConfing                         0x08003dcd   Thumb Code    84  pstwo.o(i.PS2_EnterConfing)
    PS2_ExitConfing                          0x08003e29   Thumb Code    84  pstwo.o(i.PS2_ExitConfing)
    PS2_Init                                 0x08003e85   Thumb Code   120  pstwo.o(i.PS2_Init)
    PS2_ReadData                             0x08003f05   Thumb Code   162  pstwo.o(i.PS2_ReadData)
    PS2_SetInit                              0x08003fc1   Thumb Code    28  pstwo.o(i.PS2_SetInit)
    PS2_ShortPoll                            0x08003fdd   Thumb Code    60  pstwo.o(i.PS2_ShortPoll)
    PS2_TurnOnAnalogMode                     0x08004021   Thumb Code    78  pstwo.o(i.PS2_TurnOnAnalogMode)
    PWR_BackupAccessCmd                      0x08004079   Thumb Code     6  stm32f4xx_pwr.o(i.PWR_BackupAccessCmd)
    PendSV_Handler                           0x08004085   Thumb Code     2  stm32f4xx_it.o(i.PendSV_Handler)
    Position_PID_A                           0x08004089   Thumb Code   192  control.o(i.Position_PID_A)
    Position_PID_B                           0x08004179   Thumb Code   192  control.o(i.Position_PID_B)
    Position_PID_C                           0x08004269   Thumb Code   192  control.o(i.Position_PID_C)
    Position_PID_D                           0x08004359   Thumb Code   192  control.o(i.Position_PID_D)
    RCC_AHB1PeriphClockCmd                   0x08004449   Thumb Code    26  stm32f4xx_rcc.o(i.RCC_AHB1PeriphClockCmd)
    RCC_APB1PeriphClockCmd                   0x08004469   Thumb Code    26  stm32f4xx_rcc.o(i.RCC_APB1PeriphClockCmd)
    RCC_APB1PeriphResetCmd                   0x08004489   Thumb Code    26  stm32f4xx_rcc.o(i.RCC_APB1PeriphResetCmd)
    RCC_APB2PeriphClockCmd                   0x080044a9   Thumb Code    26  stm32f4xx_rcc.o(i.RCC_APB2PeriphClockCmd)
    RCC_APB2PeriphResetCmd                   0x080044c9   Thumb Code    26  stm32f4xx_rcc.o(i.RCC_APB2PeriphResetCmd)
    RCC_GetClocksFreq                        0x080044e9   Thumb Code   214  stm32f4xx_rcc.o(i.RCC_GetClocksFreq)
    RCC_LSEConfig                            0x080045d1   Thumb Code    40  stm32f4xx_rcc.o(i.RCC_LSEConfig)
    Read_DMP                                 0x080045fd   Thumb Code   610  mpu6050.o(i.Read_DMP)
    Read_Encoder                             0x08004895   Thumb Code    88  encoder.o(i.Read_Encoder)
    SVC_Handler                              0x080048f9   Thumb Code     2  stm32f4xx_it.o(i.SVC_Handler)
    SYSCFG_EXTILineConfig                    0x080048fd   Thumb Code    60  stm32f4xx_syscfg.o(i.SYSCFG_EXTILineConfig)
    Set_CM_Speed                             0x08004a29   Thumb Code    92  can.o(i.Set_CM_Speed)
    Set_Pwm                                  0x08004a85   Thumb Code   156  control.o(i.Set_Pwm)
    SysTick_CLKSourceConfig                  0x08004b2d   Thumb Code    40  misc.o(i.SysTick_CLKSourceConfig)
    SysTick_Handler                          0x08004b55   Thumb Code     2  stm32f4xx_it.o(i.SysTick_Handler)
    SystemInit                               0x08004b59   Thumb Code    88  system_stm32f4xx.o(i.SystemInit)
    TIM2_IRQHandler                          0x08004ce3   Thumb Code    24  encoder.o(i.TIM2_IRQHandler)
    TIM3_IRQHandler                          0x08004cfd   Thumb Code    18  encoder.o(i.TIM3_IRQHandler)
    TIM4_IRQHandler                          0x08004d15   Thumb Code    18  encoder.o(i.TIM4_IRQHandler)
    TIM5_IRQHandler                          0x08004d2d   Thumb Code    18  encoder.o(i.TIM5_IRQHandler)
    TIM_ARRPreloadConfig                     0x08004d45   Thumb Code    24  stm32f4xx_tim.o(i.TIM_ARRPreloadConfig)
    TIM_ClearFlag                            0x08004d5d   Thumb Code     6  stm32f4xx_tim.o(i.TIM_ClearFlag)
    TIM_Cmd                                  0x08004d63   Thumb Code    24  stm32f4xx_tim.o(i.TIM_Cmd)
    TIM_CtrlPWMOutputs                       0x08004d7b   Thumb Code    30  stm32f4xx_tim.o(i.TIM_CtrlPWMOutputs)
    TIM_EncoderInterfaceConfig               0x08004d99   Thumb Code    66  stm32f4xx_tim.o(i.TIM_EncoderInterfaceConfig)
    TIM_ICInit                               0x08004ddb   Thumb Code   110  stm32f4xx_tim.o(i.TIM_ICInit)
    TIM_ICStructInit                         0x08004e49   Thumb Code    18  stm32f4xx_tim.o(i.TIM_ICStructInit)
    TIM_ITConfig                             0x08004e5b   Thumb Code    18  stm32f4xx_tim.o(i.TIM_ITConfig)
    TIM_OC1Init                              0x08004e6d   Thumb Code   114  stm32f4xx_tim.o(i.TIM_OC1Init)
    TIM_OC1PreloadConfig                     0x08004ee9   Thumb Code    18  stm32f4xx_tim.o(i.TIM_OC1PreloadConfig)
    TIM_OC2Init                              0x08004efd   Thumb Code   154  stm32f4xx_tim.o(i.TIM_OC2Init)
    TIM_OC2PreloadConfig                     0x08004fa1   Thumb Code    26  stm32f4xx_tim.o(i.TIM_OC2PreloadConfig)
    TIM_OC3Init                              0x08004fbd   Thumb Code   150  stm32f4xx_tim.o(i.TIM_OC3Init)
    TIM_OC3PreloadConfig                     0x0800505d   Thumb Code    18  stm32f4xx_tim.o(i.TIM_OC3PreloadConfig)
    TIM_OC4Init                              0x08005071   Thumb Code   112  stm32f4xx_tim.o(i.TIM_OC4Init)
    TIM_OC4PreloadConfig                     0x080050e9   Thumb Code    26  stm32f4xx_tim.o(i.TIM_OC4PreloadConfig)
    TIM_SetCounter                           0x08005103   Thumb Code     4  stm32f4xx_tim.o(i.TIM_SetCounter)
    TIM_SetIC1Prescaler                      0x08005107   Thumb Code    18  stm32f4xx_tim.o(i.TIM_SetIC1Prescaler)
    TIM_SetIC2Prescaler                      0x08005119   Thumb Code    26  stm32f4xx_tim.o(i.TIM_SetIC2Prescaler)
    TIM_SetIC3Prescaler                      0x08005133   Thumb Code    18  stm32f4xx_tim.o(i.TIM_SetIC3Prescaler)
    TIM_SetIC4Prescaler                      0x08005145   Thumb Code    26  stm32f4xx_tim.o(i.TIM_SetIC4Prescaler)
    TIM_TimeBaseInit                         0x08005161   Thumb Code   104  stm32f4xx_tim.o(i.TIM_TimeBaseInit)
    TIM_TimeBaseStructInit                   0x080051e5   Thumb Code    18  stm32f4xx_tim.o(i.TIM_TimeBaseStructInit)
    Turn_Off                                 0x080051f9   Thumb Code    58  control.o(i.Turn_Off)
    USART1_IRQHandler                        0x08005241   Thumb Code   122  usart.o(i.USART1_IRQHandler)
    USART2_IRQHandler                        0x080052c9   Thumb Code   658  usart.o(i.USART2_IRQHandler)
    USART3_IRQHandler                        0x080055bd   Thumb Code   142  usartx.o(i.USART3_IRQHandler)
    USART3_TX                                0x0800566d   Thumb Code   246  usartx.o(i.USART3_TX)
    USART_Cmd                                0x08005779   Thumb Code    24  stm32f4xx_usart.o(i.USART_Cmd)
    USART_GetITStatus                        0x08005791   Thumb Code    84  stm32f4xx_usart.o(i.USART_GetITStatus)
    USART_ITConfig                           0x080057e5   Thumb Code    74  stm32f4xx_usart.o(i.USART_ITConfig)
    USART_Init                               0x08005831   Thumb Code   204  stm32f4xx_usart.o(i.USART_Init)
    USART_ReceiveData                        0x08005905   Thumb Code    10  stm32f4xx_usart.o(i.USART_ReceiveData)
    UsageFault_Handler                       0x0800590f   Thumb Code     4  stm32f4xx_it.o(i.UsageFault_Handler)
    Xianfu_Pwm                               0x08005915   Thumb Code   114  control.o(i.Xianfu_Pwm)
    Xianfu_Velocity                          0x08005999   Thumb Code   116  control.o(i.Xianfu_Velocity)
    __ARM_fpclassify                         0x08005a1d   Thumb Code    48  fpclassify.o(i.__ARM_fpclassify)
    __hardfp_asin                            0x08005a51   Thumb Code   770  asin.o(i.__hardfp_asin)
    __hardfp_atan                            0x08005db1   Thumb Code   622  atan.o(i.__hardfp_atan)
    __hardfp_atan2                           0x08006089   Thumb Code   448  atan2.o(i.__hardfp_atan2)
    __hardfp_pow                             0x08006289   Thumb Code  3072  pow.o(i.__hardfp_pow)
    __hardfp_sqrt                            0x08006ed9   Thumb Code   122  sqrt.o(i.__hardfp_sqrt)
    __kernel_poly                            0x08006f53   Thumb Code   248  poly.o(i.__kernel_poly)
    __mathlib_dbl_divzero                    0x08007051   Thumb Code    28  dunder.o(i.__mathlib_dbl_divzero)
    __mathlib_dbl_infnan                     0x08007081   Thumb Code    20  dunder.o(i.__mathlib_dbl_infnan)
    __mathlib_dbl_infnan2                    0x08007095   Thumb Code    20  dunder.o(i.__mathlib_dbl_infnan2)
    __mathlib_dbl_invalid                    0x080070a9   Thumb Code    24  dunder.o(i.__mathlib_dbl_invalid)
    __mathlib_dbl_overflow                   0x080070c9   Thumb Code    24  dunder.o(i.__mathlib_dbl_overflow)
    __mathlib_dbl_underflow                  0x080070e9   Thumb Code    24  dunder.o(i.__mathlib_dbl_underflow)
    _sys_exit                                0x08007109   Thumb Code     4  usart.o(i._sys_exit)
    atan                                     0x080071cd   Thumb Code    16  atan.o(i.atan)
    click_N_Double                           0x080071dd   Thumb Code   184  key.o(i.click_N_Double)
    click_RC                                 0x080072ad   Thumb Code    88  usart.o(i.click_RC)
    delay_init                               0x08007371   Thumb Code    52  delay.o(i.delay_init)
    delay_ms                                 0x080073ad   Thumb Code    56  delay.o(i.delay_ms)
    delay_us                                 0x080073e5   Thumb Code    72  delay.o(i.delay_us)
    delay_xms                                0x08007431   Thumb Code    72  delay.o(i.delay_xms)
    dmp_enable_6x_lp_quat                    0x0800747d   Thumb Code    60  inv_mpu_dmp_motion_driver.o(i.dmp_enable_6x_lp_quat)
    dmp_enable_feature                       0x080074b9   Thumb Code   530  inv_mpu_dmp_motion_driver.o(i.dmp_enable_feature)
    dmp_enable_gyro_cal                      0x080076d5   Thumb Code    62  inv_mpu_dmp_motion_driver.o(i.dmp_enable_gyro_cal)
    dmp_enable_lp_quat                       0x0800772d   Thumb Code    60  inv_mpu_dmp_motion_driver.o(i.dmp_enable_lp_quat)
    dmp_load_motion_driver_firmware          0x08007769   Thumb Code    20  inv_mpu_dmp_motion_driver.o(i.dmp_load_motion_driver_firmware)
    dmp_read_fifo                            0x08007781   Thumb Code   456  inv_mpu_dmp_motion_driver.o(i.dmp_read_fifo)
    dmp_set_accel_bias                       0x0800794d   Thumb Code   300  inv_mpu_dmp_motion_driver.o(i.dmp_set_accel_bias)
    dmp_set_fifo_rate                        0x08007a7d   Thumb Code    96  inv_mpu_dmp_motion_driver.o(i.dmp_set_fifo_rate)
    dmp_set_gyro_bias                        0x08007aed   Thumb Code   294  inv_mpu_dmp_motion_driver.o(i.dmp_set_gyro_bias)
    dmp_set_orientation                      0x08007c1d   Thumb Code   290  inv_mpu_dmp_motion_driver.o(i.dmp_set_orientation)
    dmp_set_shake_reject_thresh              0x08007d55   Thumb Code    56  inv_mpu_dmp_motion_driver.o(i.dmp_set_shake_reject_thresh)
    dmp_set_shake_reject_time                0x08007d8d   Thumb Code    38  inv_mpu_dmp_motion_driver.o(i.dmp_set_shake_reject_time)
    dmp_set_shake_reject_timeout             0x08007db3   Thumb Code    38  inv_mpu_dmp_motion_driver.o(i.dmp_set_shake_reject_timeout)
    dmp_set_tap_axes                         0x08007dd9   Thumb Code    70  inv_mpu_dmp_motion_driver.o(i.dmp_set_tap_axes)
    dmp_set_tap_count                        0x08007e1f   Thumb Code    38  inv_mpu_dmp_motion_driver.o(i.dmp_set_tap_count)
    dmp_set_tap_thresh                       0x08007e45   Thumb Code   412  inv_mpu_dmp_motion_driver.o(i.dmp_set_tap_thresh)
    dmp_set_tap_time                         0x08008005   Thumb Code    38  inv_mpu_dmp_motion_driver.o(i.dmp_set_tap_time)
    dmp_set_tap_time_multi                   0x0800802b   Thumb Code    38  inv_mpu_dmp_motion_driver.o(i.dmp_set_tap_time_multi)
    fabs                                     0x08008051   Thumb Code    24  fabs.o(i.fabs)
    fputc                                    0x08008069   Thumb Code    24  usart.o(i.fputc)
    i2cRead                                  0x080086dd   Thumb Code   118  ioi2c.o(i.i2cRead)
    i2cWrite                                 0x08008753   Thumb Code    96  ioi2c.o(i.i2cWrite)
    main                                     0x08008829   Thumb Code   266  main.o(i.main)
    mpu_configure_fifo                       0x08008961   Thumb Code   106  inv_mpu.o(i.mpu_configure_fifo)
    mpu_get_accel_fsr                        0x080089d1   Thumb Code    72  inv_mpu.o(i.mpu_get_accel_fsr)
    mpu_get_accel_sens                       0x08008a1d   Thumb Code    78  inv_mpu.o(i.mpu_get_accel_sens)
    mpu_get_fifo_config                      0x08008a71   Thumb Code    12  inv_mpu.o(i.mpu_get_fifo_config)
    mpu_get_gyro_fsr                         0x08008a81   Thumb Code    64  inv_mpu.o(i.mpu_get_gyro_fsr)
    mpu_get_gyro_sens                        0x08008ac5   Thumb Code    74  inv_mpu.o(i.mpu_get_gyro_sens)
    mpu_get_lpf                              0x08008b25   Thumb Code    74  inv_mpu.o(i.mpu_get_lpf)
    mpu_get_sample_rate                      0x08008b75   Thumb Code    26  inv_mpu.o(i.mpu_get_sample_rate)
    mpu_init                                 0x08008b95   Thumb Code   416  inv_mpu.o(i.mpu_init)
    mpu_load_firmware                        0x08008d85   Thumb Code   180  inv_mpu.o(i.mpu_load_firmware)
    mpu_lp_accel_mode                        0x08008e3d   Thumb Code   218  inv_mpu.o(i.mpu_lp_accel_mode)
    mpu_read_fifo_stream                     0x08008f1d   Thumb Code   186  inv_mpu.o(i.mpu_read_fifo_stream)
    mpu_read_mem                             0x08008fdd   Thumb Code   122  inv_mpu.o(i.mpu_read_mem)
    mpu_reset_fifo                           0x0800905d   Thumb Code   438  inv_mpu.o(i.mpu_reset_fifo)
    mpu_run_self_test                        0x08009219   Thumb Code   278  inv_mpu.o(i.mpu_run_self_test)
    mpu_set_accel_fsr                        0x08009335   Thumb Code   126  inv_mpu.o(i.mpu_set_accel_fsr)
    mpu_set_bypass                           0x080093b9   Thumb Code   328  inv_mpu.o(i.mpu_set_bypass)
    mpu_set_dmp_state                        0x08009505   Thumb Code   138  inv_mpu.o(i.mpu_set_dmp_state)
    mpu_set_gyro_fsr                         0x08009595   Thumb Code   132  inv_mpu.o(i.mpu_set_gyro_fsr)
    mpu_set_int_latched                      0x0800961d   Thumb Code   102  inv_mpu.o(i.mpu_set_int_latched)
    mpu_set_lpf                              0x08009689   Thumb Code   126  inv_mpu.o(i.mpu_set_lpf)
    mpu_set_sample_rate                      0x0800970d   Thumb Code   152  inv_mpu.o(i.mpu_set_sample_rate)
    mpu_set_sensors                          0x080097a9   Thumb Code   202  inv_mpu.o(i.mpu_set_sensors)
    mpu_write_mem                            0x08009879   Thumb Code   122  inv_mpu.o(i.mpu_write_mem)
    myabs                                    0x080098f9   Thumb Code    14  control.o(i.myabs)
    myget_ms                                 0x08009907   Thumb Code     2  inv_mpu.o(i.myget_ms)
    oled_pow                                 0x08009909   Thumb Code    22  oled.o(i.oled_pow)
    oled_show                                0x08009921   Thumb Code  1646  show.o(i.oled_show)
    sqrt                                     0x0800a121   Thumb Code   110  sqrt.o(i.sqrt)
    uart1_init                               0x0800a191   Thumb Code   164  usart.o(i.uart1_init)
    usart2_init                              0x0800a23d   Thumb Code   162  usart.o(i.usart2_init)
    usart3_init                              0x0800a2e9   Thumb Code   166  usartx.o(i.usart3_init)
    usart3_send                              0x0800a399   Thumb Code    20  usartx.o(i.usart3_send)
    __aeabi_dneg                             0x0800a3b5   Thumb Code     0  basic.o(x$fpl$basic)
    _dneg                                    0x0800a3b5   Thumb Code     6  basic.o(x$fpl$basic)
    __aeabi_fneg                             0x0800a3bb   Thumb Code     0  basic.o(x$fpl$basic)
    _fneg                                    0x0800a3bb   Thumb Code     6  basic.o(x$fpl$basic)
    _dabs                                    0x0800a3c1   Thumb Code     6  basic.o(x$fpl$basic)
    _fabs                                    0x0800a3c7   Thumb Code     6  basic.o(x$fpl$basic)
    __aeabi_d2f                              0x0800a3cd   Thumb Code     0  d2f.o(x$fpl$d2f)
    _d2f                                     0x0800a3cd   Thumb Code    98  d2f.o(x$fpl$d2f)
    __aeabi_dadd                             0x0800a431   Thumb Code     0  daddsub_clz.o(x$fpl$dadd)
    _dadd                                    0x0800a431   Thumb Code   332  daddsub_clz.o(x$fpl$dadd)
    __fpl_dcheck_NaN1                        0x0800a581   Thumb Code    10  dcheck1.o(x$fpl$dcheck1)
    __fpl_dcmp_Inf                           0x0800a591   Thumb Code    24  dcmpi.o(x$fpl$dcmpinf)
    __aeabi_ddiv                             0x0800a5a9   Thumb Code     0  ddiv.o(x$fpl$ddiv)
    _ddiv                                    0x0800a5a9   Thumb Code   552  ddiv.o(x$fpl$ddiv)
    __aeabi_cdcmpeq                          0x0800a859   Thumb Code     0  deqf.o(x$fpl$deqf)
    _dcmpeq                                  0x0800a859   Thumb Code   120  deqf.o(x$fpl$deqf)
    __aeabi_d2iz                             0x0800a8d1   Thumb Code     0  dfix.o(x$fpl$dfix)
    _dfix                                    0x0800a8d1   Thumb Code    94  dfix.o(x$fpl$dfix)
    __aeabi_i2d                              0x0800a92f   Thumb Code     0  dflt_clz.o(x$fpl$dflt)
    _dflt                                    0x0800a92f   Thumb Code    46  dflt_clz.o(x$fpl$dflt)
    __aeabi_ui2d                             0x0800a95d   Thumb Code     0  dflt_clz.o(x$fpl$dfltu)
    _dfltu                                   0x0800a95d   Thumb Code    38  dflt_clz.o(x$fpl$dfltu)
    __aeabi_cdcmple                          0x0800a985   Thumb Code     0  dleqf.o(x$fpl$dleqf)
    _dcmple                                  0x0800a985   Thumb Code   120  dleqf.o(x$fpl$dleqf)
    __fpl_dcmple_InfNaN                      0x0800a9e7   Thumb Code     0  dleqf.o(x$fpl$dleqf)
    __aeabi_dmul                             0x0800a9fd   Thumb Code     0  dmul.o(x$fpl$dmul)
    _dmul                                    0x0800a9fd   Thumb Code   332  dmul.o(x$fpl$dmul)
    __fpl_dnaninf                            0x0800ab51   Thumb Code   156  dnaninf.o(x$fpl$dnaninf)
    __fpl_dretinf                            0x0800abed   Thumb Code    12  dretinf.o(x$fpl$dretinf)
    __aeabi_cdrcmple                         0x0800abf9   Thumb Code     0  drleqf.o(x$fpl$drleqf)
    _drcmple                                 0x0800abf9   Thumb Code   108  drleqf.o(x$fpl$drleqf)
    __aeabi_drsub                            0x0800ac65   Thumb Code     0  daddsub_clz.o(x$fpl$drsb)
    _drsb                                    0x0800ac65   Thumb Code    22  daddsub_clz.o(x$fpl$drsb)
    _dsqrt                                   0x0800ac7d   Thumb Code   404  dsqrt_umaal.o(x$fpl$dsqrt)
    __aeabi_dsub                             0x0800ae15   Thumb Code     0  daddsub_clz.o(x$fpl$dsub)
    _dsub                                    0x0800ae15   Thumb Code   464  daddsub_clz.o(x$fpl$dsub)
    __aeabi_f2d                              0x0800afe9   Thumb Code     0  f2d.o(x$fpl$f2d)
    _f2d                                     0x0800afe9   Thumb Code    86  f2d.o(x$fpl$f2d)
    __fpl_fnaninf                            0x0800b03f   Thumb Code   140  fnaninf.o(x$fpl$fnaninf)
    _fp_init                                 0x0800b0cb   Thumb Code    10  fpinit.o(x$fpl$fpinit)
    __fplib_config_fpu_vfp                   0x0800b0d3   Thumb Code     0  fpinit.o(x$fpl$fpinit)
    __fplib_config_pureend_doubles           0x0800b0d3   Thumb Code     0  fpinit.o(x$fpl$fpinit)
    __fpl_fretinf                            0x0800b0d5   Thumb Code    10  fretinf.o(x$fpl$fretinf)
    __fpl_return_NaN                         0x0800b0df   Thumb Code   100  retnan.o(x$fpl$retnan)
    __ARM_scalbn                             0x0800b143   Thumb Code    92  scalbn.o(x$fpl$scalbn)
    __fpl_cmpreturn                          0x0800b19f   Thumb Code    48  trapv.o(x$fpl$trapveneer)
    __I$use$fp                               0x0800b1ce   Number         0  usenofp.o(x$fpl$usenofp)
    oled_asc2_1206                           0x0800b1ce   Data        1140  oled.o(.constdata)
    oled_asc2_1608                           0x0800b642   Data        1520  oled.o(.constdata)
    hw                                       0x0800bc34   Data          12  inv_mpu.o(.constdata)
    reg                                      0x0800bc40   Data          27  inv_mpu.o(.constdata)
    test                                     0x0800bc5c   Data          40  inv_mpu.o(.constdata)
    __mathlib_zero                           0x0800c9f0   Data           8  qnan.o(.constdata)
    Region$$Table$$Base                      0x0800ca48   Number         0  anon$$obj.o(Region$$Table)
    Region$$Table$$Limit                     0x0800ca68   Number         0  anon$$obj.o(Region$$Table)
    Flag_Left                                0x20000000   Data           1  main.o(.data)
    Flag_Right                               0x20000001   Data           1  main.o(.data)
    Flag_Direction                           0x20000002   Data           1  main.o(.data)
    Flag_Stop                                0x20000003   Data           1  main.o(.data)
    Flag_Show                                0x20000004   Data           1  main.o(.data)
    Encoder_A                                0x20000008   Data           4  main.o(.data)
    Encoder_B                                0x2000000c   Data           4  main.o(.data)
    Encoder_C                                0x20000010   Data           4  main.o(.data)
    Encoder_D                                0x20000014   Data           4  main.o(.data)
    Position_A                               0x20000018   Data           4  main.o(.data)
    Position_B                               0x2000001c   Data           4  main.o(.data)
    Position_C                               0x20000020   Data           4  main.o(.data)
    Position_D                               0x20000024   Data           4  main.o(.data)
    Rate_A                                   0x20000028   Data           4  main.o(.data)
    Rate_B                                   0x2000002c   Data           4  main.o(.data)
    Rate_C                                   0x20000030   Data           4  main.o(.data)
    Rate_D                                   0x20000034   Data           4  main.o(.data)
    Motor_A                                  0x20000038   Data           4  main.o(.data)
    Motor_B                                  0x2000003c   Data           4  main.o(.data)
    Motor_C                                  0x20000040   Data           4  main.o(.data)
    Motor_D                                  0x20000044   Data           4  main.o(.data)
    Target_A                                 0x20000048   Data           4  main.o(.data)
    Target_B                                 0x2000004c   Data           4  main.o(.data)
    Target_C                                 0x20000050   Data           4  main.o(.data)
    Target_D                                 0x20000054   Data           4  main.o(.data)
    Voltage                                  0x20000058   Data           4  main.o(.data)
    Show_Data_Mb                             0x2000005c   Data           4  main.o(.data)
    delay_50                                 0x20000060   Data           1  main.o(.data)
    delay_flag                               0x20000061   Data           1  main.o(.data)
    Run_Flag                                 0x20000062   Data           1  main.o(.data)
    PS2_ON_Flag                              0x20000063   Data           1  main.o(.data)
    Flash_Send                               0x20000064   Data           1  main.o(.data)
    Turn_Flag                                0x20000065   Data           1  main.o(.data)
    Move_X                                   0x20000068   Data           4  main.o(.data)
    Move_Y                                   0x2000006c   Data           4  main.o(.data)
    Move_Z                                   0x20000070   Data           4  main.o(.data)
    Position_KP                              0x20000074   Data           4  main.o(.data)
    Position_KI                              0x20000078   Data           4  main.o(.data)
    Position_KD                              0x2000007c   Data           4  main.o(.data)
    Velocity_KP                              0x20000080   Data           4  main.o(.data)
    Velocity_KI                              0x20000084   Data           4  main.o(.data)
    RC_Velocity                              0x20000088   Data           4  main.o(.data)
    RC_Position                              0x2000008c   Data           4  main.o(.data)
    __stdout                                 0x20000094   Data           4  usart.o(.data)
    USART_RX_STA                             0x20000098   Data           2  usart.o(.data)
    PID_Send                                 0x2000009a   Data           1  usart.o(.data)
    Usart2_Receive                           0x2000009b   Data           1  usart.o(.data)
    CAN_ON_Flag                              0x200000b8   Data           1  can.o(.data)
    rxbuf                                    0x200000b9   Data           8  can.o(.data)
    txbuf                                    0x200000c1   Data           8  can.o(.data)
    txbuf2                                   0x200000c9   Data           8  can.o(.data)
    can_test                                 0x200000d8   Data           1  can.o(.data)
    Flag_Next                                0x200000da   Data           1  key.o(.data)
    gyro                                     0x200000ec   Data           6  mpu6050.o(.data)
    accel                                    0x200000f2   Data           6  mpu6050.o(.data)
    sensors                                  0x200000f8   Data           2  mpu6050.o(.data)
    q0                                       0x200000fc   Data           4  mpu6050.o(.data)
    q1                                       0x20000100   Data           4  mpu6050.o(.data)
    q2                                       0x20000104   Data           4  mpu6050.o(.data)
    q3                                       0x20000108   Data           4  mpu6050.o(.data)
    Pitch                                    0x2000010c   Data           4  mpu6050.o(.data)
    Roll                                     0x20000110   Data           4  mpu6050.o(.data)
    Yaw                                      0x20000114   Data           4  mpu6050.o(.data)
    Gryo_Z                                   0x20000118   Data           4  mpu6050.o(.data)
    Gx_offset                                0x20000126   Data           2  mpu6050.o(.data)
    Gy_offset                                0x20000128   Data           2  mpu6050.o(.data)
    Gz_offset                                0x2000012a   Data           2  mpu6050.o(.data)
    PS2_LX                                   0x2000012c   Data           4  pstwo.o(.data)
    PS2_LY                                   0x20000130   Data           4  pstwo.o(.data)
    PS2_RX                                   0x20000134   Data           4  pstwo.o(.data)
    PS2_RY                                   0x20000138   Data           4  pstwo.o(.data)
    PS2_KEY                                  0x2000013c   Data           4  pstwo.o(.data)
    Handkey                                  0x20000140   Data           2  pstwo.o(.data)
    Comd                                     0x20000142   Data           2  pstwo.o(.data)
    MASK                                     0x20000144   Data          32  pstwo.o(.data)
    Usart_ON_Flag                            0x20000164   Data           1  usartx.o(.data)
    Usart_Flag                               0x20000165   Data           1  usartx.o(.data)
    Uart3_Receive                            0x20000166   Data           1  usartx.o(.data)
    Urxbuf                                   0x20000167   Data           8  usartx.o(.data)
    Flag_Target                              0x200001a0   Data           1  control.o(.data)
    Flag_Change                              0x200001a1   Data           1  control.o(.data)
    temp1                                    0x200001a2   Data           1  control.o(.data)
    Voltage_Count                            0x200001a4   Data           4  control.o(.data)
    Voltage_All                              0x200001a8   Data           4  control.o(.data)
    Gyro_K                                   0x200001ac   Data           4  control.o(.data)
    j                                        0x200001b0   Data           4  control.o(.data)
    i                                        0x20000248   Data           1  show.o(.data)
    Send_Count                               0x20000249   Data           1  show.o(.data)
    Vol                                      0x2000024c   Data           4  show.o(.data)
    USART_RX_BUF                             0x20000254   Data         200  usart.o(.bss)
    agreement                                0x2000031c   Data          10  usart.o(.bss)
    CM1Encoder                               0x20000358   Data          68  can.o(.bss)
    CM2Encoder                               0x2000039c   Data          68  can.o(.bss)
    CM3Encoder                               0x200003e0   Data          68  can.o(.bss)
    CM4Encoder                               0x20000424   Data          68  can.o(.bss)
    OLED_GRAM                                0x20000468   Data        1024  oled.o(.bss)
    Data                                     0x20000868   Data           9  pstwo.o(.bss)
    DataScope_OutPut_Buffer                  0x20000884   Data          42  datascope_dp.o(.bss)
    __libspace_start                         0x200008b0   Data          96  libspace.o(.bss)
    __temporary_stack_top$libspace           0x20000910   Data           0  libspace.o(.bss)



==============================================================================

Memory Map of the image

  Image Entry point : 0x08000189

  Load Region LR_IROM1 (Base: 0x08000000, Size: 0x0000ccbc, Max: 0x00100000, ABSOLUTE, COMPRESSED[0x0000cacc])

    Execution Region ER_IROM1 (Exec base: 0x08000000, Load base: 0x08000000, Size: 0x0000ca68, Max: 0x00100000, ABSOLUTE)

    Exec Addr    Load Addr    Size         Type   Attr      Idx    E Section Name        Object

    0x08000000   0x08000000   0x00000188   Data   RO          433    RESET               startup_stm32f40_41xxx.o
    0x08000188   0x08000188   0x00000008   Code   RO         6940  * !!!main             c_w.l(__main.o)
    0x08000190   0x08000190   0x00000034   Code   RO         7279    !!!scatter          c_w.l(__scatter.o)
    0x080001c4   0x080001c4   0x0000005a   Code   RO         7277    !!dczerorl2         c_w.l(__dczerorl2.o)
    0x0800021e   0x0800021e   0x00000002   PAD
    0x08000220   0x08000220   0x0000001c   Code   RO         7281    !!handler_zi        c_w.l(__scatter_zi.o)
    0x0800023c   0x0800023c   0x00000000   Code   RO         6931    .ARM.Collect$$_printf_percent$$00000000  c_w.l(_printf_percent.o)
    0x0800023c   0x0800023c   0x00000006   Code   RO         6930    .ARM.Collect$$_printf_percent$$00000009  c_w.l(_printf_d.o)
    0x08000242   0x08000242   0x00000004   Code   RO         7033    .ARM.Collect$$_printf_percent$$00000017  c_w.l(_printf_percent_end.o)
    0x08000246   0x08000246   0x00000002   Code   RO         7144    .ARM.Collect$$libinit$$00000000  c_w.l(libinit.o)
    0x08000248   0x08000248   0x00000004   Code   RO         7153    .ARM.Collect$$libinit$$00000001  c_w.l(libinit2.o)
    0x0800024c   0x0800024c   0x00000000   Code   RO         7156    .ARM.Collect$$libinit$$00000004  c_w.l(libinit2.o)
    0x0800024c   0x0800024c   0x00000000   Code   RO         7159    .ARM.Collect$$libinit$$0000000A  c_w.l(libinit2.o)
    0x0800024c   0x0800024c   0x00000000   Code   RO         7161    .ARM.Collect$$libinit$$0000000C  c_w.l(libinit2.o)
    0x0800024c   0x0800024c   0x00000000   Code   RO         7163    .ARM.Collect$$libinit$$0000000E  c_w.l(libinit2.o)
    0x0800024c   0x0800024c   0x00000000   Code   RO         7166    .ARM.Collect$$libinit$$00000011  c_w.l(libinit2.o)
    0x0800024c   0x0800024c   0x00000000   Code   RO         7168    .ARM.Collect$$libinit$$00000013  c_w.l(libinit2.o)
    0x0800024c   0x0800024c   0x00000000   Code   RO         7170    .ARM.Collect$$libinit$$00000015  c_w.l(libinit2.o)
    0x0800024c   0x0800024c   0x00000000   Code   RO         7172    .ARM.Collect$$libinit$$00000017  c_w.l(libinit2.o)
    0x0800024c   0x0800024c   0x00000000   Code   RO         7174    .ARM.Collect$$libinit$$00000019  c_w.l(libinit2.o)
    0x0800024c   0x0800024c   0x00000000   Code   RO         7176    .ARM.Collect$$libinit$$0000001B  c_w.l(libinit2.o)
    0x0800024c   0x0800024c   0x00000000   Code   RO         7178    .ARM.Collect$$libinit$$0000001D  c_w.l(libinit2.o)
    0x0800024c   0x0800024c   0x00000000   Code   RO         7180    .ARM.Collect$$libinit$$0000001F  c_w.l(libinit2.o)
    0x0800024c   0x0800024c   0x00000000   Code   RO         7182    .ARM.Collect$$libinit$$00000021  c_w.l(libinit2.o)
    0x0800024c   0x0800024c   0x00000000   Code   RO         7184    .ARM.Collect$$libinit$$00000023  c_w.l(libinit2.o)
    0x0800024c   0x0800024c   0x00000000   Code   RO         7186    .ARM.Collect$$libinit$$00000025  c_w.l(libinit2.o)
    0x0800024c   0x0800024c   0x00000000   Code   RO         7190    .ARM.Collect$$libinit$$0000002C  c_w.l(libinit2.o)
    0x0800024c   0x0800024c   0x00000000   Code   RO         7192    .ARM.Collect$$libinit$$0000002E  c_w.l(libinit2.o)
    0x0800024c   0x0800024c   0x00000000   Code   RO         7194    .ARM.Collect$$libinit$$00000030  c_w.l(libinit2.o)
    0x0800024c   0x0800024c   0x00000000   Code   RO         7196    .ARM.Collect$$libinit$$00000032  c_w.l(libinit2.o)
    0x0800024c   0x0800024c   0x00000002   Code   RO         7197    .ARM.Collect$$libinit$$00000033  c_w.l(libinit2.o)
    0x0800024e   0x0800024e   0x00000002   Code   RO         7227    .ARM.Collect$$libshutdown$$00000000  c_w.l(libshutdown.o)
    0x08000250   0x08000250   0x00000000   Code   RO         7241    .ARM.Collect$$libshutdown$$00000002  c_w.l(libshutdown2.o)
    0x08000250   0x08000250   0x00000000   Code   RO         7243    .ARM.Collect$$libshutdown$$00000004  c_w.l(libshutdown2.o)
    0x08000250   0x08000250   0x00000000   Code   RO         7245    .ARM.Collect$$libshutdown$$00000006  c_w.l(libshutdown2.o)
    0x08000250   0x08000250   0x00000000   Code   RO         7248    .ARM.Collect$$libshutdown$$00000009  c_w.l(libshutdown2.o)
    0x08000250   0x08000250   0x00000000   Code   RO         7251    .ARM.Collect$$libshutdown$$0000000C  c_w.l(libshutdown2.o)
    0x08000250   0x08000250   0x00000000   Code   RO         7253    .ARM.Collect$$libshutdown$$0000000E  c_w.l(libshutdown2.o)
    0x08000250   0x08000250   0x00000000   Code   RO         7256    .ARM.Collect$$libshutdown$$00000011  c_w.l(libshutdown2.o)
    0x08000250   0x08000250   0x00000002   Code   RO         7257    .ARM.Collect$$libshutdown$$00000012  c_w.l(libshutdown2.o)
    0x08000252   0x08000252   0x00000000   Code   RO         7024    .ARM.Collect$$rtentry$$00000000  c_w.l(__rtentry.o)
    0x08000252   0x08000252   0x00000000   Code   RO         7097    .ARM.Collect$$rtentry$$00000002  c_w.l(__rtentry2.o)
    0x08000252   0x08000252   0x00000006   Code   RO         7109    .ARM.Collect$$rtentry$$00000004  c_w.l(__rtentry4.o)
    0x08000258   0x08000258   0x00000000   Code   RO         7099    .ARM.Collect$$rtentry$$00000009  c_w.l(__rtentry2.o)
    0x08000258   0x08000258   0x00000004   Code   RO         7100    .ARM.Collect$$rtentry$$0000000A  c_w.l(__rtentry2.o)
    0x0800025c   0x0800025c   0x00000000   Code   RO         7102    .ARM.Collect$$rtentry$$0000000C  c_w.l(__rtentry2.o)
    0x0800025c   0x0800025c   0x00000008   Code   RO         7103    .ARM.Collect$$rtentry$$0000000D  c_w.l(__rtentry2.o)
    0x08000264   0x08000264   0x00000002   Code   RO         7147    .ARM.Collect$$rtexit$$00000000  c_w.l(rtexit.o)
    0x08000266   0x08000266   0x00000000   Code   RO         7201    .ARM.Collect$$rtexit$$00000002  c_w.l(rtexit2.o)
    0x08000266   0x08000266   0x00000004   Code   RO         7202    .ARM.Collect$$rtexit$$00000003  c_w.l(rtexit2.o)
    0x0800026a   0x0800026a   0x00000006   Code   RO         7203    .ARM.Collect$$rtexit$$00000004  c_w.l(rtexit2.o)
    0x08000270   0x08000270   0x00000040   Code   RO          434    .text               startup_stm32f40_41xxx.o
    0x080002b0   0x080002b0   0x00000002   Code   RO         6898    .text               c_w.l(use_no_semi_2.o)
    0x080002b2   0x080002b2   0x00000048   Code   RO         6900    .text               c_w.l(llsdiv.o)
    0x080002fa   0x080002fa   0x00000002   PAD
    0x080002fc   0x080002fc   0x00000018   Code   RO         6904    .text               c_w.l(noretval__2printf.o)
    0x08000314   0x08000314   0x00000068   Code   RO         6906    .text               c_w.l(__printf.o)
    0x0800037c   0x0800037c   0x00000078   Code   RO         6908    .text               c_w.l(_printf_dec.o)
    0x080003f4   0x080003f4   0x00000058   Code   RO         6932    .text               c_w.l(memcmp.o)
    0x0800044c   0x0800044c   0x00000010   Code   RO         6934    .text               c_w.l(aeabi_memset.o)
    0x0800045c   0x0800045c   0x00000044   Code   RO         6936    .text               c_w.l(rt_memclr.o)
    0x080004a0   0x080004a0   0x00000006   Code   RO         6938    .text               c_w.l(heapauxi.o)
    0x080004a6   0x080004a6   0x00000002   Code   RO         7022    .text               c_w.l(use_no_semi.o)
    0x080004a8   0x080004a8   0x000000ee   Code   RO         7025    .text               c_w.l(lludivv7m.o)
    0x08000596   0x08000596   0x00000016   Code   RO         7027    .text               c_w.l(_rserrno.o)
    0x080005ac   0x080005ac   0x000000b2   Code   RO         7029    .text               c_w.l(_printf_intcommon.o)
    0x0800065e   0x0800065e   0x00000002   PAD
    0x08000660   0x08000660   0x00000024   Code   RO         7031    .text               c_w.l(_printf_char_file.o)
    0x08000684   0x08000684   0x0000004e   Code   RO         7034    .text               c_w.l(rt_memclr_w.o)
    0x080006d2   0x080006d2   0x00000002   PAD
    0x080006d4   0x080006d4   0x00000008   Code   RO         7118    .text               c_w.l(rt_errno_addr_intlibspace.o)
    0x080006dc   0x080006dc   0x00000030   Code   RO         7120    .text               c_w.l(_printf_char_common.o)
    0x0800070c   0x0800070c   0x00000008   Code   RO         7122    .text               c_w.l(ferror.o)
    0x08000714   0x08000714   0x00000008   Code   RO         7128    .text               c_w.l(libspace.o)
    0x0800071c   0x0800071c   0x0000004a   Code   RO         7131    .text               c_w.l(sys_stackheap_outer.o)
    0x08000766   0x08000766   0x00000012   Code   RO         7137    .text               c_w.l(exit.o)
    0x08000778   0x08000778   0x00000016   Code   RO         1421    i.ADC_Cmd           stm32f4xx_adc.o
    0x0800078e   0x0800078e   0x00000002   PAD
    0x08000790   0x08000790   0x00000030   Code   RO         1422    i.ADC_CommonInit    stm32f4xx_adc.o
    0x080007c0   0x080007c0   0x00000008   Code   RO         1433    i.ADC_GetConversionValue  stm32f4xx_adc.o
    0x080007c8   0x080007c8   0x00000012   Code   RO         1434    i.ADC_GetFlagStatus  stm32f4xx_adc.o
    0x080007da   0x080007da   0x00000002   PAD
    0x080007dc   0x080007dc   0x00000054   Code   RO         1441    i.ADC_Init          stm32f4xx_adc.o
    0x08000830   0x08000830   0x000000b8   Code   RO         1446    i.ADC_RegularChannelConfig  stm32f4xx_adc.o
    0x080008e8   0x080008e8   0x0000000a   Code   RO         1448    i.ADC_SoftwareStartConv  stm32f4xx_adc.o
    0x080008f2   0x080008f2   0x00000002   PAD
    0x080008f4   0x080008f4   0x000001ac   Code   RO         6828    i.APP_Show          show.o
    0x08000aa0   0x08000aa0   0x00000084   Code   RO         5425    i.Adc_Init          adc.o
    0x08000b24   0x08000b24   0x00000004   Code   RO          224    i.BusFault_Handler  stm32f4xx_it.o
    0x08000b28   0x08000b28   0x00000120   Code   RO         5457    i.CAN1_Configuration  can.o
    0x08000c48   0x08000c48   0x0000003c   Code   RO         5458    i.CAN1_RX0_IRQHandler  can.o
    0x08000c84   0x08000c84   0x00000024   Code   RO         5459    i.CAN1_TX_IRQHandler  can.o
    0x08000ca8   0x08000ca8   0x00000038   Code   RO         1658    i.CAN_ClearFlag     stm32f4xx_can.o
    0x08000ce0   0x08000ce0   0x000000a8   Code   RO         1659    i.CAN_ClearITPendingBit  stm32f4xx_can.o
    0x08000d88   0x08000d88   0x00000038   Code   RO         1661    i.CAN_DeInit        stm32f4xx_can.o
    0x08000dc0   0x08000dc0   0x00000108   Code   RO         1663    i.CAN_FilterInit    stm32f4xx_can.o
    0x08000ec8   0x08000ec8   0x00000120   Code   RO         1665    i.CAN_GetITStatus   stm32f4xx_can.o
    0x08000fe8   0x08000fe8   0x00000012   Code   RO         1669    i.CAN_ITConfig      stm32f4xx_can.o
    0x08000ffa   0x08000ffa   0x00000114   Code   RO         1670    i.CAN_Init          stm32f4xx_can.o
    0x0800110e   0x0800110e   0x00000002   PAD
    0x08001110   0x08001110   0x00000330   Code   RO         6691    i.CAN_N_Usart_Control  control.o
    0x08001440   0x08001440   0x000000f0   Code   RO         1673    i.CAN_Receive       stm32f4xx_can.o
    0x08001530   0x08001530   0x00000020   Code   RO         1676    i.CAN_StructInit    stm32f4xx_can.o
    0x08001550   0x08001550   0x00000126   Code   RO         1678    i.CAN_Transmit      stm32f4xx_can.o
    0x08001676   0x08001676   0x00000002   PAD
    0x08001678   0x08001678   0x000000ac   Code   RO         5460    i.CanReceiveMsgProcess  can.o
    0x08001724   0x08001724   0x00000012   Code   RO         1681    i.CheckITStatus     stm32f4xx_can.o
    0x08001736   0x08001736   0x00000002   PAD
    0x08001738   0x08001738   0x000002b0   Code   RO         6692    i.Count_Velocity    control.o
    0x080019e8   0x080019e8   0x00000214   Code   RO         5846    i.DMP_Init          mpu6050.o
    0x08001bfc   0x08001bfc   0x00000104   Code   RO         6829    i.DataScope         show.o
    0x08001d00   0x08001d00   0x00000098   Code   RO         6866    i.DataScope_Data_Generate  datascope_dp.o
    0x08001d98   0x08001d98   0x000000a8   Code   RO         6867    i.DataScope_Get_Channel_Data  datascope_dp.o
    0x08001e40   0x08001e40   0x00000002   Code   RO          225    i.DebugMon_Handler  stm32f4xx_it.o
    0x08001e42   0x08001e42   0x00000002   PAD
    0x08001e44   0x08001e44   0x0000038c   Code   RO         6693    i.EXTI15_10_IRQHandler  control.o
    0x080021d0   0x080021d0   0x00000094   Code   RO         2623    i.EXTI_Init         stm32f4xx_exti.o
    0x08002264   0x08002264   0x000000d8   Code   RO         5461    i.EncoderProcess    can.o
    0x0800233c   0x0800233c   0x000000f4   Code   RO         5517    i.Encoder_Init_TIM2  encoder.o
    0x08002430   0x08002430   0x000000c0   Code   RO         5518    i.Encoder_Init_TIM3  encoder.o
    0x080024f0   0x080024f0   0x000000c0   Code   RO         5519    i.Encoder_Init_TIM4  encoder.o
    0x080025b0   0x080025b0   0x000000c0   Code   RO         5520    i.Encoder_Init_TIM5  encoder.o
    0x08002670   0x08002670   0x0000001c   Code   RO         6868    i.Float2Byte        datascope_dp.o
    0x0800268c   0x0800268c   0x00000090   Code   RO          740    i.GPIO_Init         stm32f4xx_gpio.o
    0x0800271c   0x0800271c   0x00000046   Code   RO          741    i.GPIO_PinAFConfig  stm32f4xx_gpio.o
    0x08002762   0x08002762   0x0000001a   Code   RO         5462    i.GetEncoderBias    can.o
    0x0800277c   0x0800277c   0x00000030   Code   RO         5426    i.Get_Adc           adc.o
    0x080027ac   0x080027ac   0x00000508   Code   RO         6694    i.Get_RC            control.o
    0x08002cb4   0x08002cb4   0x00000084   Code   RO         5427    i.Get_battery_volt  adc.o
    0x08002d38   0x08002d38   0x00000004   Code   RO          226    i.HardFault_Handler  stm32f4xx_it.o
    0x08002d3c   0x08002d3c   0x00000046   Code   RO         5636    i.I2C_ReadOneByte   ioi2c.o
    0x08002d82   0x08002d82   0x00000002   PAD
    0x08002d84   0x08002d84   0x0000004c   Code   RO         5637    i.IIC_Ack           ioi2c.o
    0x08002dd0   0x08002dd0   0x00000044   Code   RO         5638    i.IIC_Init          ioi2c.o
    0x08002e14   0x08002e14   0x0000004c   Code   RO         5639    i.IIC_NAck          ioi2c.o
    0x08002e60   0x08002e60   0x0000006c   Code   RO         5640    i.IIC_Read_Byte     ioi2c.o
    0x08002ecc   0x08002ecc   0x00000064   Code   RO         5641    i.IIC_Send_Byte     ioi2c.o
    0x08002f30   0x08002f30   0x00000068   Code   RO         5642    i.IIC_Start         ioi2c.o
    0x08002f98   0x08002f98   0x00000048   Code   RO         5643    i.IIC_Stop          ioi2c.o
    0x08002fe0   0x08002fe0   0x00000064   Code   RO         5644    i.IIC_Wait_Ack      ioi2c.o
    0x08003044   0x08003044   0x00000016   Code   RO         5645    i.IICreadByte       ioi2c.o
    0x0800305a   0x0800305a   0x00000040   Code   RO         5647    i.IICwriteBit       ioi2c.o
    0x0800309a   0x0800309a   0x0000006a   Code   RO         5648    i.IICwriteBits      ioi2c.o
    0x08003104   0x08003104   0x00000014   Code   RO         5649    i.IICwriteByte      ioi2c.o
    0x08003118   0x08003118   0x00000046   Code   RO         5650    i.IICwriteBytes     ioi2c.o
    0x0800315e   0x0800315e   0x00000002   PAD
    0x08003160   0x08003160   0x00000094   Code   RO         6695    i.Incremental_PI_A  control.o
    0x080031f4   0x080031f4   0x00000094   Code   RO         6696    i.Incremental_PI_B  control.o
    0x08003288   0x08003288   0x00000094   Code   RO         6697    i.Incremental_PI_C  control.o
    0x0800331c   0x0800331c   0x00000094   Code   RO         6698    i.Incremental_PI_D  control.o
    0x080033b0   0x080033b0   0x00000030   Code   RO         5752    i.KEY_Init          key.o
    0x080033e0   0x080033e0   0x00000024   Code   RO         6699    i.Key_control       control.o
    0x08003404   0x08003404   0x00000078   Code   RO         6700    i.Kinematic_Analysis  control.o
    0x0800347c   0x0800347c   0x00000078   Code   RO         6701    i.Kinematic_Analysis2  control.o
    0x080034f4   0x080034f4   0x00000038   Code   RO         5793    i.LED_Init          led.o
    0x0800352c   0x0800352c   0x00000038   Code   RO         5794    i.Led_Flash         led.o
    0x08003564   0x08003564   0x00000028   Code   RO         5848    i.MPU6050_initialize  mpu6050.o
    0x0800358c   0x0800358c   0x00000014   Code   RO         5850    i.MPU6050_setClockSource  mpu6050.o
    0x080035a0   0x080035a0   0x00000014   Code   RO         5851    i.MPU6050_setFullScaleAccelRange  mpu6050.o
    0x080035b4   0x080035b4   0x00000014   Code   RO         5852    i.MPU6050_setFullScaleGyroRange  mpu6050.o
    0x080035c8   0x080035c8   0x00000012   Code   RO         5853    i.MPU6050_setI2CBypassEnabled  mpu6050.o
    0x080035da   0x080035da   0x00000012   Code   RO         5854    i.MPU6050_setI2CMasterModeEnabled  mpu6050.o
    0x080035ec   0x080035ec   0x00000012   Code   RO         5855    i.MPU6050_setSleepEnabled  mpu6050.o
    0x080035fe   0x080035fe   0x00000004   Code   RO          227    i.MemManage_Handler  stm32f4xx_it.o
    0x08003602   0x08003602   0x00000002   PAD
    0x08003604   0x08003604   0x0000007c   Code   RO         5588    i.MiniBalance_EXTI_Init  exti.o
    0x08003680   0x08003680   0x000000bc   Code   RO         5820    i.MiniBalance_Motor_Init  motor.o
    0x0800373c   0x0800373c   0x000000f4   Code   RO         5821    i.MiniBalance_PWM_Init  motor.o
    0x08003830   0x08003830   0x00000002   Code   RO          228    i.NMI_Handler       stm32f4xx_it.o
    0x08003832   0x08003832   0x00000002   PAD
    0x08003834   0x08003834   0x00000078   Code   RO          695    i.NVIC_Init         misc.o
    0x080038ac   0x080038ac   0x00000014   Code   RO          696    i.NVIC_PriorityGroupConfig  misc.o
    0x080038c0   0x080038c0   0x00000030   Code   RO         5969    i.OLED_Clear        oled.o
    0x080038f0   0x080038f0   0x00000068   Code   RO         5972    i.OLED_DrawPoint    oled.o
    0x08003958   0x08003958   0x00000144   Code   RO         5973    i.OLED_Init         oled.o
    0x08003a9c   0x08003a9c   0x0000004c   Code   RO         5974    i.OLED_Refresh_Gram  oled.o
    0x08003ae8   0x08003ae8   0x000000a8   Code   RO         5975    i.OLED_ShowChar     oled.o
    0x08003b90   0x08003b90   0x00000094   Code   RO         5976    i.OLED_ShowNumber   oled.o
    0x08003c24   0x08003c24   0x00000044   Code   RO         5977    i.OLED_ShowString   oled.o
    0x08003c68   0x08003c68   0x00000058   Code   RO         5978    i.OLED_WR_Byte      oled.o
    0x08003cc0   0x08003cc0   0x0000000c   Code   RO         6056    i.PS2_AnologData    pstwo.o
    0x08003ccc   0x08003ccc   0x00000018   Code   RO         6057    i.PS2_ClearData     pstwo.o
    0x08003ce4   0x08003ce4   0x00000094   Code   RO         6058    i.PS2_Cmd           pstwo.o
    0x08003d78   0x08003d78   0x00000054   Code   RO         6059    i.PS2_DataKey       pstwo.o
    0x08003dcc   0x08003dcc   0x0000005c   Code   RO         6060    i.PS2_EnterConfing  pstwo.o
    0x08003e28   0x08003e28   0x0000005c   Code   RO         6061    i.PS2_ExitConfing   pstwo.o
    0x08003e84   0x08003e84   0x00000080   Code   RO         6062    i.PS2_Init          pstwo.o
    0x08003f04   0x08003f04   0x000000bc   Code   RO         6063    i.PS2_ReadData      pstwo.o
    0x08003fc0   0x08003fc0   0x0000001c   Code   RO         6065    i.PS2_SetInit       pstwo.o
    0x08003fdc   0x08003fdc   0x00000044   Code   RO         6066    i.PS2_ShortPoll     pstwo.o
    0x08004020   0x08004020   0x00000058   Code   RO         6067    i.PS2_TurnOnAnalogMode  pstwo.o
    0x08004078   0x08004078   0x0000000c   Code   RO         3738    i.PWR_BackupAccessCmd  stm32f4xx_pwr.o
    0x08004084   0x08004084   0x00000002   Code   RO          229    i.PendSV_Handler    stm32f4xx_it.o
    0x08004086   0x08004086   0x00000002   PAD
    0x08004088   0x08004088   0x000000f0   Code   RO         6702    i.Position_PID_A    control.o
    0x08004178   0x08004178   0x000000f0   Code   RO         6703    i.Position_PID_B    control.o
    0x08004268   0x08004268   0x000000f0   Code   RO         6704    i.Position_PID_C    control.o
    0x08004358   0x08004358   0x000000f0   Code   RO         6705    i.Position_PID_D    control.o
    0x08004448   0x08004448   0x00000020   Code   RO          837    i.RCC_AHB1PeriphClockCmd  stm32f4xx_rcc.o
    0x08004468   0x08004468   0x00000020   Code   RO          846    i.RCC_APB1PeriphClockCmd  stm32f4xx_rcc.o
    0x08004488   0x08004488   0x00000020   Code   RO          848    i.RCC_APB1PeriphResetCmd  stm32f4xx_rcc.o
    0x080044a8   0x080044a8   0x00000020   Code   RO          849    i.RCC_APB2PeriphClockCmd  stm32f4xx_rcc.o
    0x080044c8   0x080044c8   0x00000020   Code   RO          851    i.RCC_APB2PeriphResetCmd  stm32f4xx_rcc.o
    0x080044e8   0x080044e8   0x000000e8   Code   RO          858    i.RCC_GetClocksFreq  stm32f4xx_rcc.o
    0x080045d0   0x080045d0   0x0000002c   Code   RO          867    i.RCC_LSEConfig     stm32f4xx_rcc.o
    0x080045fc   0x080045fc   0x00000298   Code   RO         5857    i.Read_DMP          mpu6050.o
    0x08004894   0x08004894   0x00000064   Code   RO         5521    i.Read_Encoder      encoder.o
    0x080048f8   0x080048f8   0x00000002   Code   RO          230    i.SVC_Handler       stm32f4xx_it.o
    0x080048fa   0x080048fa   0x00000002   PAD
    0x080048fc   0x080048fc   0x00000040   Code   RO         1174    i.SYSCFG_EXTILineConfig  stm32f4xx_syscfg.o
    0x0800493c   0x0800493c   0x000000ec   Code   RO          396    i.SetSysClock       system_stm32f4xx.o
    0x08004a28   0x08004a28   0x0000005c   Code   RO         5463    i.Set_CM_Speed      can.o
    0x08004a84   0x08004a84   0x000000a8   Code   RO         6706    i.Set_Pwm           control.o
    0x08004b2c   0x08004b2c   0x00000028   Code   RO          699    i.SysTick_CLKSourceConfig  misc.o
    0x08004b54   0x08004b54   0x00000002   Code   RO          231    i.SysTick_Handler   stm32f4xx_it.o
    0x08004b56   0x08004b56   0x00000002   PAD
    0x08004b58   0x08004b58   0x00000068   Code   RO          398    i.SystemInit        system_stm32f4xx.o
    0x08004bc0   0x08004bc0   0x0000003a   Code   RO         4801    i.TI1_Config        stm32f4xx_tim.o
    0x08004bfa   0x08004bfa   0x00000050   Code   RO         4802    i.TI2_Config        stm32f4xx_tim.o
    0x08004c4a   0x08004c4a   0x00000048   Code   RO         4803    i.TI3_Config        stm32f4xx_tim.o
    0x08004c92   0x08004c92   0x00000050   Code   RO         4804    i.TI4_Config        stm32f4xx_tim.o
    0x08004ce2   0x08004ce2   0x00000018   Code   RO         5522    i.TIM2_IRQHandler   encoder.o
    0x08004cfa   0x08004cfa   0x00000002   PAD
    0x08004cfc   0x08004cfc   0x00000018   Code   RO         5523    i.TIM3_IRQHandler   encoder.o
    0x08004d14   0x08004d14   0x00000018   Code   RO         5524    i.TIM4_IRQHandler   encoder.o
    0x08004d2c   0x08004d2c   0x00000018   Code   RO         5525    i.TIM5_IRQHandler   encoder.o
    0x08004d44   0x08004d44   0x00000018   Code   RO         4805    i.TIM_ARRPreloadConfig  stm32f4xx_tim.o
    0x08004d5c   0x08004d5c   0x00000006   Code   RO         4811    i.TIM_ClearFlag     stm32f4xx_tim.o
    0x08004d62   0x08004d62   0x00000018   Code   RO         4817    i.TIM_Cmd           stm32f4xx_tim.o
    0x08004d7a   0x08004d7a   0x0000001e   Code   RO         4819    i.TIM_CtrlPWMOutputs  stm32f4xx_tim.o
    0x08004d98   0x08004d98   0x00000042   Code   RO         4826    i.TIM_EncoderInterfaceConfig  stm32f4xx_tim.o
    0x08004dda   0x08004dda   0x0000006e   Code   RO         4840    i.TIM_ICInit        stm32f4xx_tim.o
    0x08004e48   0x08004e48   0x00000012   Code   RO         4841    i.TIM_ICStructInit  stm32f4xx_tim.o
    0x08004e5a   0x08004e5a   0x00000012   Code   RO         4842    i.TIM_ITConfig      stm32f4xx_tim.o
    0x08004e6c   0x08004e6c   0x0000007c   Code   RO         4846    i.TIM_OC1Init       stm32f4xx_tim.o
    0x08004ee8   0x08004ee8   0x00000012   Code   RO         4849    i.TIM_OC1PreloadConfig  stm32f4xx_tim.o
    0x08004efa   0x08004efa   0x00000002   PAD
    0x08004efc   0x08004efc   0x000000a4   Code   RO         4851    i.TIM_OC2Init       stm32f4xx_tim.o
    0x08004fa0   0x08004fa0   0x0000001a   Code   RO         4854    i.TIM_OC2PreloadConfig  stm32f4xx_tim.o
    0x08004fba   0x08004fba   0x00000002   PAD
    0x08004fbc   0x08004fbc   0x000000a0   Code   RO         4856    i.TIM_OC3Init       stm32f4xx_tim.o
    0x0800505c   0x0800505c   0x00000012   Code   RO         4859    i.TIM_OC3PreloadConfig  stm32f4xx_tim.o
    0x0800506e   0x0800506e   0x00000002   PAD
    0x08005070   0x08005070   0x00000078   Code   RO         4861    i.TIM_OC4Init       stm32f4xx_tim.o
    0x080050e8   0x080050e8   0x0000001a   Code   RO         4863    i.TIM_OC4PreloadConfig  stm32f4xx_tim.o
    0x08005102   0x08005102   0x00000004   Code   RO         4883    i.TIM_SetCounter    stm32f4xx_tim.o
    0x08005106   0x08005106   0x00000012   Code   RO         4884    i.TIM_SetIC1Prescaler  stm32f4xx_tim.o
    0x08005118   0x08005118   0x0000001a   Code   RO         4885    i.TIM_SetIC2Prescaler  stm32f4xx_tim.o
    0x08005132   0x08005132   0x00000012   Code   RO         4886    i.TIM_SetIC3Prescaler  stm32f4xx_tim.o
    0x08005144   0x08005144   0x0000001a   Code   RO         4887    i.TIM_SetIC4Prescaler  stm32f4xx_tim.o
    0x0800515e   0x0800515e   0x00000002   PAD
    0x08005160   0x08005160   0x00000084   Code   RO         4889    i.TIM_TimeBaseInit  stm32f4xx_tim.o
    0x080051e4   0x080051e4   0x00000012   Code   RO         4890    i.TIM_TimeBaseStructInit  stm32f4xx_tim.o
    0x080051f6   0x080051f6   0x00000002   PAD
    0x080051f8   0x080051f8   0x00000048   Code   RO         6707    i.Turn_Off          control.o
    0x08005240   0x08005240   0x00000088   Code   RO          600    i.USART1_IRQHandler  usart.o
    0x080052c8   0x080052c8   0x000002f4   Code   RO          601    i.USART2_IRQHandler  usart.o
    0x080055bc   0x080055bc   0x000000b0   Code   RO         6165    i.USART3_IRQHandler  usartx.o
    0x0800566c   0x0800566c   0x0000010c   Code   RO         6166    i.USART3_TX         usartx.o
    0x08005778   0x08005778   0x00000018   Code   RO         1231    i.USART_Cmd         stm32f4xx_usart.o
    0x08005790   0x08005790   0x00000054   Code   RO         1235    i.USART_GetITStatus  stm32f4xx_usart.o
    0x080057e4   0x080057e4   0x0000004a   Code   RO         1237    i.USART_ITConfig    stm32f4xx_usart.o
    0x0800582e   0x0800582e   0x00000002   PAD
    0x08005830   0x08005830   0x000000d4   Code   RO         1238    i.USART_Init        stm32f4xx_usart.o
    0x08005904   0x08005904   0x0000000a   Code   RO         1245    i.USART_ReceiveData  stm32f4xx_usart.o
    0x0800590e   0x0800590e   0x00000004   Code   RO          232    i.UsageFault_Handler  stm32f4xx_it.o
    0x08005912   0x08005912   0x00000002   PAD
    0x08005914   0x08005914   0x00000084   Code   RO         6708    i.Xianfu_Pwm        control.o
    0x08005998   0x08005998   0x00000084   Code   RO         6709    i.Xianfu_Velocity   control.o
    0x08005a1c   0x08005a1c   0x00000030   Code   RO         7091    i.__ARM_fpclassify  m_wm.l(fpclassify.o)
    0x08005a4c   0x08005a4c   0x00000004   PAD
    0x08005a50   0x08005a50   0x00000360   Code   RO         6970    i.__hardfp_asin     m_wm.l(asin.o)
    0x08005db0   0x08005db0   0x000002d8   Code   RO         7057    i.__hardfp_atan     m_wm.l(atan.o)
    0x08006088   0x08006088   0x00000200   Code   RO         6984    i.__hardfp_atan2    m_wm.l(atan2.o)
    0x08006288   0x08006288   0x00000c50   Code   RO         6996    i.__hardfp_pow      m_wm.l(pow.o)
    0x08006ed8   0x08006ed8   0x0000007a   Code   RO         7010    i.__hardfp_sqrt     m_wm.l(sqrt.o)
    0x08006f52   0x08006f52   0x000000f8   Code   RO         7093    i.__kernel_poly     m_wm.l(poly.o)
    0x0800704a   0x0800704a   0x00000006   PAD
    0x08007050   0x08007050   0x00000030   Code   RO         7071    i.__mathlib_dbl_divzero  m_wm.l(dunder.o)
    0x08007080   0x08007080   0x00000014   Code   RO         7072    i.__mathlib_dbl_infnan  m_wm.l(dunder.o)
    0x08007094   0x08007094   0x00000014   Code   RO         7073    i.__mathlib_dbl_infnan2  m_wm.l(dunder.o)
    0x080070a8   0x080070a8   0x00000020   Code   RO         7074    i.__mathlib_dbl_invalid  m_wm.l(dunder.o)
    0x080070c8   0x080070c8   0x00000020   Code   RO         7075    i.__mathlib_dbl_overflow  m_wm.l(dunder.o)
    0x080070e8   0x080070e8   0x00000020   Code   RO         7077    i.__mathlib_dbl_underflow  m_wm.l(dunder.o)
    0x08007108   0x08007108   0x00000004   Code   RO          602    i._sys_exit         usart.o
    0x0800710c   0x0800710c   0x000000c0   Code   RO         6210    i.accel_self_test   inv_mpu.o
    0x080071cc   0x080071cc   0x00000010   Code   RO         7059    i.atan              m_wm.l(atan.o)
    0x080071dc   0x080071dc   0x000000d0   Code   RO         5755    i.click_N_Double    key.o
    0x080072ac   0x080072ac   0x00000060   Code   RO          603    i.click_RC          usart.o
    0x0800730c   0x0800730c   0x00000064   Code   RO         6507    i.decode_gesture    inv_mpu_dmp_motion_driver.o
    0x08007370   0x08007370   0x0000003c   Code   RO          440    i.delay_init        delay.o
    0x080073ac   0x080073ac   0x00000038   Code   RO          441    i.delay_ms          delay.o
    0x080073e4   0x080073e4   0x0000004c   Code   RO          442    i.delay_us          delay.o
    0x08007430   0x08007430   0x0000004c   Code   RO          443    i.delay_xms         delay.o
    0x0800747c   0x0800747c   0x0000003c   Code   RO         6508    i.dmp_enable_6x_lp_quat  inv_mpu_dmp_motion_driver.o
    0x080074b8   0x080074b8   0x0000021c   Code   RO         6509    i.dmp_enable_feature  inv_mpu_dmp_motion_driver.o
    0x080076d4   0x080076d4   0x00000058   Code   RO         6510    i.dmp_enable_gyro_cal  inv_mpu_dmp_motion_driver.o
    0x0800772c   0x0800772c   0x0000003c   Code   RO         6511    i.dmp_enable_lp_quat  inv_mpu_dmp_motion_driver.o
    0x08007768   0x08007768   0x00000018   Code   RO         6516    i.dmp_load_motion_driver_firmware  inv_mpu_dmp_motion_driver.o
    0x08007780   0x08007780   0x000001cc   Code   RO         6517    i.dmp_read_fifo     inv_mpu_dmp_motion_driver.o
    0x0800794c   0x0800794c   0x00000130   Code   RO         6520    i.dmp_set_accel_bias  inv_mpu_dmp_motion_driver.o
    0x08007a7c   0x08007a7c   0x00000070   Code   RO         6521    i.dmp_set_fifo_rate  inv_mpu_dmp_motion_driver.o
    0x08007aec   0x08007aec   0x00000130   Code   RO         6522    i.dmp_set_gyro_bias  inv_mpu_dmp_motion_driver.o
    0x08007c1c   0x08007c1c   0x00000138   Code   RO         6524    i.dmp_set_orientation  inv_mpu_dmp_motion_driver.o
    0x08007d54   0x08007d54   0x00000038   Code   RO         6527    i.dmp_set_shake_reject_thresh  inv_mpu_dmp_motion_driver.o
    0x08007d8c   0x08007d8c   0x00000026   Code   RO         6528    i.dmp_set_shake_reject_time  inv_mpu_dmp_motion_driver.o
    0x08007db2   0x08007db2   0x00000026   Code   RO         6529    i.dmp_set_shake_reject_timeout  inv_mpu_dmp_motion_driver.o
    0x08007dd8   0x08007dd8   0x00000046   Code   RO         6530    i.dmp_set_tap_axes  inv_mpu_dmp_motion_driver.o
    0x08007e1e   0x08007e1e   0x00000026   Code   RO         6531    i.dmp_set_tap_count  inv_mpu_dmp_motion_driver.o
    0x08007e44   0x08007e44   0x000001c0   Code   RO         6532    i.dmp_set_tap_thresh  inv_mpu_dmp_motion_driver.o
    0x08008004   0x08008004   0x00000026   Code   RO         6533    i.dmp_set_tap_time  inv_mpu_dmp_motion_driver.o
    0x0800802a   0x0800802a   0x00000026   Code   RO         6534    i.dmp_set_tap_time_multi  inv_mpu_dmp_motion_driver.o
    0x08008050   0x08008050   0x00000018   Code   RO         7087    i.fabs              m_wm.l(fabs.o)
    0x08008068   0x08008068   0x0000001c   Code   RO          604    i.fputc             usart.o
    0x08008084   0x08008084   0x000000d0   Code   RO         6211    i.get_accel_prod_shift  inv_mpu.o
    0x08008154   0x08008154   0x0000046c   Code   RO         6212    i.get_st_biases     inv_mpu.o
    0x080085c0   0x080085c0   0x0000011c   Code   RO         6213    i.gyro_self_test    inv_mpu.o
    0x080086dc   0x080086dc   0x00000076   Code   RO         5651    i.i2cRead           ioi2c.o
    0x08008752   0x08008752   0x00000060   Code   RO         5652    i.i2cWrite          ioi2c.o
    0x080087b2   0x080087b2   0x00000028   Code   RO         5859    i.inv_orientation_matrix_to_scalar  mpu6050.o
    0x080087da   0x080087da   0x0000004e   Code   RO         5860    i.inv_row_2_scale   mpu6050.o
    0x08008828   0x08008828   0x00000138   Code   RO            3    i.main              main.o
    0x08008960   0x08008960   0x00000070   Code   RO         6214    i.mpu_configure_fifo  inv_mpu.o
    0x080089d0   0x080089d0   0x0000004c   Code   RO         6215    i.mpu_get_accel_fsr  inv_mpu.o
    0x08008a1c   0x08008a1c   0x00000054   Code   RO         6217    i.mpu_get_accel_sens  inv_mpu.o
    0x08008a70   0x08008a70   0x00000010   Code   RO         6222    i.mpu_get_fifo_config  inv_mpu.o
    0x08008a80   0x08008a80   0x00000044   Code   RO         6223    i.mpu_get_gyro_fsr  inv_mpu.o
    0x08008ac4   0x08008ac4   0x00000060   Code   RO         6225    i.mpu_get_gyro_sens  inv_mpu.o
    0x08008b24   0x08008b24   0x00000050   Code   RO         6227    i.mpu_get_lpf       inv_mpu.o
    0x08008b74   0x08008b74   0x00000020   Code   RO         6229    i.mpu_get_sample_rate  inv_mpu.o
    0x08008b94   0x08008b94   0x000001f0   Code   RO         6231    i.mpu_init          inv_mpu.o
    0x08008d84   0x08008d84   0x000000b8   Code   RO         6232    i.mpu_load_firmware  inv_mpu.o
    0x08008e3c   0x08008e3c   0x000000e0   Code   RO         6233    i.mpu_lp_accel_mode  inv_mpu.o
    0x08008f1c   0x08008f1c   0x000000c0   Code   RO         6236    i.mpu_read_fifo_stream  inv_mpu.o
    0x08008fdc   0x08008fdc   0x00000080   Code   RO         6237    i.mpu_read_mem      inv_mpu.o
    0x0800905c   0x0800905c   0x000001bc   Code   RO         6240    i.mpu_reset_fifo    inv_mpu.o
    0x08009218   0x08009218   0x0000011c   Code   RO         6241    i.mpu_run_self_test  inv_mpu.o
    0x08009334   0x08009334   0x00000084   Code   RO         6243    i.mpu_set_accel_fsr  inv_mpu.o
    0x080093b8   0x080093b8   0x0000014c   Code   RO         6244    i.mpu_set_bypass    inv_mpu.o
    0x08009504   0x08009504   0x00000090   Code   RO         6246    i.mpu_set_dmp_state  inv_mpu.o
    0x08009594   0x08009594   0x00000088   Code   RO         6247    i.mpu_set_gyro_fsr  inv_mpu.o
    0x0800961c   0x0800961c   0x0000006c   Code   RO         6248    i.mpu_set_int_latched  inv_mpu.o
    0x08009688   0x08009688   0x00000084   Code   RO         6250    i.mpu_set_lpf       inv_mpu.o
    0x0800970c   0x0800970c   0x0000009c   Code   RO         6251    i.mpu_set_sample_rate  inv_mpu.o
    0x080097a8   0x080097a8   0x000000d0   Code   RO         6252    i.mpu_set_sensors   inv_mpu.o
    0x08009878   0x08009878   0x00000080   Code   RO         6253    i.mpu_write_mem     inv_mpu.o
    0x080098f8   0x080098f8   0x0000000e   Code   RO         6710    i.myabs             control.o
    0x08009906   0x08009906   0x00000002   Code   RO         6254    i.myget_ms          inv_mpu.o
    0x08009908   0x08009908   0x00000016   Code   RO         5979    i.oled_pow          oled.o
    0x0800991e   0x0800991e   0x00000002   PAD
    0x08009920   0x08009920   0x000006b0   Code   RO         6830    i.oled_show         show.o
    0x08009fd0   0x08009fd0   0x000000c0   Code   RO         5861    i.run_self_test     mpu6050.o
    0x0800a090   0x0800a090   0x00000090   Code   RO         6255    i.set_int_enable    inv_mpu.o
    0x0800a120   0x0800a120   0x0000006e   Code   RO         7012    i.sqrt              m_wm.l(sqrt.o)
    0x0800a18e   0x0800a18e   0x00000002   PAD
    0x0800a190   0x0800a190   0x000000ac   Code   RO          607    i.uart1_init        usart.o
    0x0800a23c   0x0800a23c   0x000000ac   Code   RO          609    i.usart2_init       usart.o
    0x0800a2e8   0x0800a2e8   0x000000b0   Code   RO         6167    i.usart3_init       usartx.o
    0x0800a398   0x0800a398   0x0000001c   Code   RO         6168    i.usart3_send       usartx.o
    0x0800a3b4   0x0800a3b4   0x00000018   Code   RO         7036    x$fpl$basic         fz_wm.l(basic.o)
    0x0800a3cc   0x0800a3cc   0x00000062   Code   RO         6942    x$fpl$d2f           fz_wm.l(d2f.o)
    0x0800a42e   0x0800a42e   0x00000002   PAD
    0x0800a430   0x0800a430   0x00000150   Code   RO         6944    x$fpl$dadd          fz_wm.l(daddsub_clz.o)
    0x0800a580   0x0800a580   0x00000010   Code   RO         7126    x$fpl$dcheck1       fz_wm.l(dcheck1.o)
    0x0800a590   0x0800a590   0x00000018   Code   RO         7038    x$fpl$dcmpinf       fz_wm.l(dcmpi.o)
    0x0800a5a8   0x0800a5a8   0x000002b0   Code   RO         6951    x$fpl$ddiv          fz_wm.l(ddiv.o)
    0x0800a858   0x0800a858   0x00000078   Code   RO         6954    x$fpl$deqf          fz_wm.l(deqf.o)
    0x0800a8d0   0x0800a8d0   0x0000005e   Code   RO         6956    x$fpl$dfix          fz_wm.l(dfix.o)
    0x0800a92e   0x0800a92e   0x0000002e   Code   RO         6961    x$fpl$dflt          fz_wm.l(dflt_clz.o)
    0x0800a95c   0x0800a95c   0x00000026   Code   RO         6960    x$fpl$dfltu         fz_wm.l(dflt_clz.o)
    0x0800a982   0x0800a982   0x00000002   PAD
    0x0800a984   0x0800a984   0x00000078   Code   RO         7040    x$fpl$dleqf         fz_wm.l(dleqf.o)
    0x0800a9fc   0x0800a9fc   0x00000154   Code   RO         6966    x$fpl$dmul          fz_wm.l(dmul.o)
    0x0800ab50   0x0800ab50   0x0000009c   Code   RO         7042    x$fpl$dnaninf       fz_wm.l(dnaninf.o)
    0x0800abec   0x0800abec   0x0000000c   Code   RO         7044    x$fpl$dretinf       fz_wm.l(dretinf.o)
    0x0800abf8   0x0800abf8   0x0000006c   Code   RO         7046    x$fpl$drleqf        fz_wm.l(drleqf.o)
    0x0800ac64   0x0800ac64   0x00000016   Code   RO         6945    x$fpl$drsb          fz_wm.l(daddsub_clz.o)
    0x0800ac7a   0x0800ac7a   0x00000002   PAD
    0x0800ac7c   0x0800ac7c   0x00000198   Code   RO         7048    x$fpl$dsqrt         fz_wm.l(dsqrt_umaal.o)
    0x0800ae14   0x0800ae14   0x000001d4   Code   RO         6946    x$fpl$dsub          fz_wm.l(daddsub_clz.o)
    0x0800afe8   0x0800afe8   0x00000056   Code   RO         6968    x$fpl$f2d           fz_wm.l(f2d.o)
    0x0800b03e   0x0800b03e   0x0000008c   Code   RO         7050    x$fpl$fnaninf       fz_wm.l(fnaninf.o)
    0x0800b0ca   0x0800b0ca   0x0000000a   Code   RO         7215    x$fpl$fpinit        fz_wm.l(fpinit.o)
    0x0800b0d4   0x0800b0d4   0x0000000a   Code   RO         7052    x$fpl$fretinf       fz_wm.l(fretinf.o)
    0x0800b0de   0x0800b0de   0x00000064   Code   RO         7145    x$fpl$retnan        fz_wm.l(retnan.o)
    0x0800b142   0x0800b142   0x0000005c   Code   RO         7054    x$fpl$scalbn        fz_wm.l(scalbn.o)
    0x0800b19e   0x0800b19e   0x00000030   Code   RO         7198    x$fpl$trapveneer    fz_wm.l(trapv.o)
    0x0800b1ce   0x0800b1ce   0x00000000   Code   RO         7056    x$fpl$usenofp       fz_wm.l(usenofp.o)
    0x0800b1ce   0x0800b1ce   0x00000a64   Data   RO         5981    .constdata          oled.o
    0x0800bc32   0x0800bc32   0x00000002   PAD
    0x0800bc34   0x0800bc34   0x00000050   Data   RO         6256    .constdata          inv_mpu.o
    0x0800bc84   0x0800bc84   0x00000bf6   Data   RO         6536    .constdata          inv_mpu_dmp_motion_driver.o
    0x0800c87a   0x0800c87a   0x00000006   PAD
    0x0800c880   0x0800c880   0x00000050   Data   RO         6973    .constdata          m_wm.l(asin.o)
    0x0800c8d0   0x0800c8d0   0x00000088   Data   RO         6999    .constdata          m_wm.l(pow.o)
    0x0800c958   0x0800c958   0x00000098   Data   RO         7060    .constdata          m_wm.l(atan.o)
    0x0800c9f0   0x0800c9f0   0x00000008   Data   RO         7095    .constdata          m_wm.l(qnan.o)
    0x0800c9f8   0x0800c9f8   0x0000004e   Data   RO         6257    .conststring        inv_mpu.o
    0x0800ca46   0x0800ca46   0x00000002   PAD
    0x0800ca48   0x0800ca48   0x00000020   Data   RO         7275    Region$$Table       anon$$obj.o


    Execution Region RW_IRAM1 (Exec base: 0x20000000, Load base: 0x0800ca68, Size: 0x00000f10, Max: 0x00020000, ABSOLUTE, COMPRESSED[0x00000064])

    Exec Addr    Load Addr    Size         Type   Attr      Idx    E Section Name        Object

    0x20000000   COMPRESSED   0x00000090   Data   RW            5    .data               main.o
    0x20000090   COMPRESSED   0x00000004   Data   RW          444    .data               delay.o
    0x20000094   COMPRESSED   0x00000011   Data   RW          612    .data               usart.o
    0x200000a5   COMPRESSED   0x00000010   Data   RW          890    .data               stm32f4xx_rcc.o
    0x200000b5   COMPRESSED   0x00000003   PAD
    0x200000b8   COMPRESSED   0x00000021   Data   RW         5465    .data               can.o
    0x200000d9   COMPRESSED   0x00000001   PAD
    0x200000da   COMPRESSED   0x0000000e   Data   RW         5756    .data               key.o
    0x200000e8   COMPRESSED   0x00000004   Data   RW         5795    .data               led.o
    0x200000ec   COMPRESSED   0x00000040   Data   RW         5863    .data               mpu6050.o
    0x2000012c   COMPRESSED   0x00000038   Data   RW         6071    .data               pstwo.o
    0x20000164   COMPRESSED   0x0000000f   Data   RW         6169    .data               usartx.o
    0x20000173   COMPRESSED   0x00000001   PAD
    0x20000174   COMPRESSED   0x0000002c   Data   RW         6258    .data               inv_mpu.o
    0x200001a0   COMPRESSED   0x000000a8   Data   RW         6711    .data               control.o
    0x20000248   COMPRESSED   0x00000009   Data   RW         6831    .data               show.o
    0x20000251   COMPRESSED   0x00000003   PAD
    0x20000254        -       0x00000104   Zero   RW          611    .bss                usart.o
    0x20000358        -       0x00000110   Zero   RW         5464    .bss                can.o
    0x20000468        -       0x00000400   Zero   RW         5980    .bss                oled.o
    0x20000868        -       0x00000009   Zero   RW         6070    .bss                pstwo.o
    0x20000871   COMPRESSED   0x00000003   PAD
    0x20000874        -       0x00000010   Zero   RW         6535    .bss                inv_mpu_dmp_motion_driver.o
    0x20000884        -       0x0000002a   Zero   RW         6869    .bss                datascope_dp.o
    0x200008ae   COMPRESSED   0x00000002   PAD
    0x200008b0        -       0x00000060   Zero   RW         7129    .bss                c_w.l(libspace.o)
    0x20000910        -       0x00000200   Zero   RW          432    HEAP                startup_stm32f40_41xxx.o
    0x20000b10        -       0x00000400   Zero   RW          431    STACK               startup_stm32f40_41xxx.o


==============================================================================

Image component sizes


      Code (inc. data)   RO Data    RW Data    ZI Data      Debug   Object Name

       312         44          0          0          0       1780   adc.o
       890         60          0         33        272       5250   can.o
      6046        772          0        168          0      15051   control.o
       348         34          0          0         42       2794   datascope_dp.o
       268         16          0          4          0     255911   delay.o
      1016         68          0          0          0       5407   encoder.o
       124          4          0          0          0        680   exti.o
      5954        296        158         44          0      27206   inv_mpu.o
      3128        138       3062          0         16      20514   inv_mpu_dmp_motion_driver.o
      1270         92          0          0          0      10671   ioi2c.o
       256         28          0         14          0       2401   key.o
       112         18          0          4          0       1023   led.o
       312         46          0        144          0     252211   main.o
       180         24          0          0          0       1993   misc.o
       432         18          0          0          0       1460   motor.o
      1660        424          0         64          0      35067   mpu6050.o
      1046         46       2660          0       1024       7098   oled.o
       952        110          0         56          9       6746   pstwo.o
      2400        340          0          9          0       2654   show.o
        64         26        392          0       1536        824   startup_stm32f40_41xxx.o
       374         24          0          0          0       5378   stm32f4xx_adc.o
      1710         26          0          0          0       7932   stm32f4xx_can.o
       148          6          0          0          0        912   stm32f4xx_exti.o
       214          0          0          0          0       1703   stm32f4xx_gpio.o
        26          0          0          0          0      51710   stm32f4xx_it.o
        12          6          0          0          0        510   stm32f4xx_pwr.o
       436         52          0         16          0       6153   stm32f4xx_rcc.o
        64          4          0          0          0        632   stm32f4xx_syscfg.o
      1484         66          0          0          0      17303   stm32f4xx_tim.o
       404          8          0          0          0       4138   stm32f4xx_usart.o
       340         32          0          0          0       1413   system_stm32f4xx.o
      1364        152          0         17        260       6704   usart.o
       648         74          0         15          0       3324   usartx.o

    ----------------------------------------------------------------------
     34040       3054       6314        596       3164     764553   Object Totals
         0          0         32          0          0          0   (incl. Generated)
        46          0         10          8          5          0   (incl. Padding)

    ----------------------------------------------------------------------

      Code (inc. data)   RO Data    RW Data    ZI Data      Debug   Library Member Name

        90          0          0          0          0          0   __dczerorl2.o
         8          0          0          0          0         68   __main.o
       104          0          0          0          0         84   __printf.o
         0          0          0          0          0          0   __rtentry.o
        12          0          0          0          0          0   __rtentry2.o
         6          0          0          0          0          0   __rtentry4.o
        52          8          0          0          0          0   __scatter.o
        28          0          0          0          0          0   __scatter_zi.o
        48          6          0          0          0         96   _printf_char_common.o
        36          4          0          0          0         80   _printf_char_file.o
         6          0          0          0          0          0   _printf_d.o
       120         16          0          0          0         92   _printf_dec.o
       178          0          0          0          0         88   _printf_intcommon.o
         0          0          0          0          0          0   _printf_percent.o
         4          0          0          0          0          0   _printf_percent_end.o
        22          0          0          0          0        100   _rserrno.o
        16          0          0          0          0         68   aeabi_memset.o
        18          0          0          0          0         80   exit.o
         8          0          0          0          0         68   ferror.o
         6          0          0          0          0        152   heapauxi.o
         2          0          0          0          0          0   libinit.o
         6          0          0          0          0          0   libinit2.o
         2          0          0          0          0          0   libshutdown.o
         2          0          0          0          0          0   libshutdown2.o
         8          4          0          0         96         68   libspace.o
        72          0          0          0          0         76   llsdiv.o
       238          0          0          0          0        100   lludivv7m.o
        88          0          0          0          0         76   memcmp.o
        24          4          0          0          0         84   noretval__2printf.o
         8          4          0          0          0         68   rt_errno_addr_intlibspace.o
        68          0          0          0          0         68   rt_memclr.o
        78          0          0          0          0         80   rt_memclr_w.o
         2          0          0          0          0          0   rtexit.o
        10          0          0          0          0          0   rtexit2.o
        74          0          0          0          0         80   sys_stackheap_outer.o
         2          0          0          0          0         68   use_no_semi.o
         2          0          0          0          0         68   use_no_semi_2.o
        24          0          0          0          0        164   basic.o
        98          4          0          0          0        140   d2f.o
       826         16          0          0          0        492   daddsub_clz.o
        16          4          0          0          0        116   dcheck1.o
        24          0          0          0          0        116   dcmpi.o
       688        140          0          0          0        256   ddiv.o
       120          4          0          0          0        140   deqf.o
        94          4          0          0          0        140   dfix.o
        84          0          0          0          0        232   dflt_clz.o
       120          4          0          0          0        140   dleqf.o
       340         12          0          0          0        152   dmul.o
       156          4          0          0          0        140   dnaninf.o
        12          0          0          0          0        116   dretinf.o
       108          0          0          0          0        128   drleqf.o
       408         56          0          0          0        168   dsqrt_umaal.o
        86          4          0          0          0        132   f2d.o
       140          4          0          0          0        132   fnaninf.o
        10          0          0          0          0        116   fpinit.o
        10          0          0          0          0        116   fretinf.o
       100          0          0          0          0        116   retnan.o
        92          0          0          0          0        116   scalbn.o
        48          0          0          0          0        116   trapv.o
         0          0          0          0          0          0   usenofp.o
       864         94         80          0          0        280   asin.o
       744        106        152          0          0        352   atan.o
       512         64          0          0          0        208   atan2.o
       184         44          0          0          0        744   dunder.o
        24          0          0          0          0        124   fabs.o
        48          0          0          0          0        124   fpclassify.o
       248          0          0          0          0        152   poly.o
      3152        296        136          0          0        352   pow.o
         0          0          8          0          0          0   qnan.o
       232          0          0          0          0        296   sqrt.o

    ----------------------------------------------------------------------
     11086        906        376          0         96       7928   Library Totals
        26          0          0          0          0          0   (incl. Padding)

    ----------------------------------------------------------------------

      Code (inc. data)   RO Data    RW Data    ZI Data      Debug   Library Name

      1448         46          0          0         96       1812   c_w.l
      3604        256          0          0          0       3484   fz_wm.l
      6008        604        376          0          0       2632   m_wm.l

    ----------------------------------------------------------------------
     11086        906        376          0         96       7928   Library Totals

    ----------------------------------------------------------------------

==============================================================================


      Code (inc. data)   RO Data    RW Data    ZI Data      Debug   

     45126       3960       6690        596       3260     744645   Grand Totals
     45126       3960       6690        100       3260     744645   ELF Image Totals (compressed)
     45126       3960       6690        100          0          0   ROM Totals

==============================================================================

    Total RO  Size (Code + RO Data)                51816 (  50.60kB)
    Total RW  Size (RW Data + ZI Data)              3856 (   3.77kB)
    Total ROM Size (Code + RO Data + RW Data)      51916 (  50.70kB)

==============================================================================

